Archive member included to satisfy reference by file (symbol)

liblibs.a(ultrasonico.c.obj)  CMakeFiles/robot.dir/robot.c.obj (ultrasonico_init)
liblibs.a(l298.c.obj)         CMakeFiles/robot.dir/robot.c.obj (motor_init)
liblibs.a(bt.c.obj)           CMakeFiles/robot.dir/robot.c.obj (uart_start)
liblibs.a(actuadores.c.obj)   CMakeFiles/robot.dir/robot.c.obj (actuador_init)
liblibs.a(infrarrojo.c.obj)   CMakeFiles/robot.dir/robot.c.obj (infrarojo_init)
/usr/lib/gcc/arm-none-eabi/8.3.1/thumb/v6-m/nofp/libgcc.a(_dvmd_tls.o)
                              CMakeFiles/robot.dir/home/juan/pico/pico-sdk/src/rp2_common/pico_divider/divider.S.obj (__aeabi_idiv0)
/usr/lib/gcc/arm-none-eabi/8.3.1/../../../arm-none-eabi/lib/thumb/v6-m/nofp/libg.a(lib_a-atexit.o)
                              /usr/lib/gcc/arm-none-eabi/8.3.1/../../../arm-none-eabi/lib/thumb/v6-m/nofp/crt0.o (atexit)
/usr/lib/gcc/arm-none-eabi/8.3.1/../../../arm-none-eabi/lib/thumb/v6-m/nofp/libg.a(lib_a-calloc.o)
                              CMakeFiles/robot.dir/home/juan/pico/pico-sdk/src/rp2_common/pico_malloc/pico_malloc.c.obj (calloc)
/usr/lib/gcc/arm-none-eabi/8.3.1/../../../arm-none-eabi/lib/thumb/v6-m/nofp/libg.a(lib_a-callocr.o)
                              /usr/lib/gcc/arm-none-eabi/8.3.1/../../../arm-none-eabi/lib/thumb/v6-m/nofp/libg.a(lib_a-calloc.o) (_calloc_r)
/usr/lib/gcc/arm-none-eabi/8.3.1/../../../arm-none-eabi/lib/thumb/v6-m/nofp/libg.a(lib_a-fini.o)
                              /usr/lib/gcc/arm-none-eabi/8.3.1/../../../arm-none-eabi/lib/thumb/v6-m/nofp/crt0.o (__libc_fini_array)
/usr/lib/gcc/arm-none-eabi/8.3.1/../../../arm-none-eabi/lib/thumb/v6-m/nofp/libg.a(lib_a-impure.o)
                              /usr/lib/gcc/arm-none-eabi/8.3.1/../../../arm-none-eabi/lib/thumb/v6-m/nofp/libg.a(lib_a-calloc.o) (_impure_ptr)
/usr/lib/gcc/arm-none-eabi/8.3.1/../../../arm-none-eabi/lib/thumb/v6-m/nofp/libg.a(lib_a-init.o)
                              /usr/lib/gcc/arm-none-eabi/8.3.1/../../../arm-none-eabi/lib/thumb/v6-m/nofp/crt0.o (__libc_init_array)
/usr/lib/gcc/arm-none-eabi/8.3.1/../../../arm-none-eabi/lib/thumb/v6-m/nofp/libg.a(lib_a-malloc.o)
                              CMakeFiles/robot.dir/home/juan/pico/pico-sdk/src/rp2_common/pico_malloc/pico_malloc.c.obj (malloc)
/usr/lib/gcc/arm-none-eabi/8.3.1/../../../arm-none-eabi/lib/thumb/v6-m/nofp/libg.a(lib_a-mallocr.o)
                              /usr/lib/gcc/arm-none-eabi/8.3.1/../../../arm-none-eabi/lib/thumb/v6-m/nofp/libg.a(lib_a-callocr.o) (_malloc_r)
/usr/lib/gcc/arm-none-eabi/8.3.1/../../../arm-none-eabi/lib/thumb/v6-m/nofp/libg.a(lib_a-mlock.o)
                              /usr/lib/gcc/arm-none-eabi/8.3.1/../../../arm-none-eabi/lib/thumb/v6-m/nofp/libg.a(lib_a-mallocr.o) (__malloc_lock)
/usr/lib/gcc/arm-none-eabi/8.3.1/../../../arm-none-eabi/lib/thumb/v6-m/nofp/libg.a(lib_a-realloc.o)
                              CMakeFiles/robot.dir/home/juan/pico/pico-sdk/src/rp2_common/pico_malloc/pico_malloc.c.obj (realloc)
/usr/lib/gcc/arm-none-eabi/8.3.1/../../../arm-none-eabi/lib/thumb/v6-m/nofp/libg.a(lib_a-reallocr.o)
                              /usr/lib/gcc/arm-none-eabi/8.3.1/../../../arm-none-eabi/lib/thumb/v6-m/nofp/libg.a(lib_a-realloc.o) (_realloc_r)
/usr/lib/gcc/arm-none-eabi/8.3.1/../../../arm-none-eabi/lib/thumb/v6-m/nofp/libg.a(lib_a-sbrkr.o)
                              /usr/lib/gcc/arm-none-eabi/8.3.1/../../../arm-none-eabi/lib/thumb/v6-m/nofp/libg.a(lib_a-mallocr.o) (_sbrk_r)
/usr/lib/gcc/arm-none-eabi/8.3.1/../../../arm-none-eabi/lib/thumb/v6-m/nofp/libg.a(lib_a-strlen-stub.o)
                              CMakeFiles/robot.dir/home/juan/pico/pico-sdk/src/rp2_common/pico_stdio/stdio.c.obj (strlen)
/usr/lib/gcc/arm-none-eabi/8.3.1/../../../arm-none-eabi/lib/thumb/v6-m/nofp/libg.a(lib_a-__atexit.o)
                              /usr/lib/gcc/arm-none-eabi/8.3.1/../../../arm-none-eabi/lib/thumb/v6-m/nofp/libg.a(lib_a-atexit.o) (__register_exitproc)
/usr/lib/gcc/arm-none-eabi/8.3.1/../../../arm-none-eabi/lib/thumb/v6-m/nofp/libg.a(lib_a-freer.o)
                              /usr/lib/gcc/arm-none-eabi/8.3.1/../../../arm-none-eabi/lib/thumb/v6-m/nofp/libg.a(lib_a-malloc.o) (_free_r)
/usr/lib/gcc/arm-none-eabi/8.3.1/../../../arm-none-eabi/lib/thumb/v6-m/nofp/libg.a(lib_a-memmove.o)
                              /usr/lib/gcc/arm-none-eabi/8.3.1/../../../arm-none-eabi/lib/thumb/v6-m/nofp/libg.a(lib_a-reallocr.o) (memmove)
/usr/lib/gcc/arm-none-eabi/8.3.1/../../../arm-none-eabi/lib/thumb/v6-m/nofp/libg.a(lib_a-reent.o)
                              /usr/lib/gcc/arm-none-eabi/8.3.1/../../../arm-none-eabi/lib/thumb/v6-m/nofp/libg.a(lib_a-sbrkr.o) (errno)

Allocating common symbols
Common symbol       size              file

sf_table            0x100             CMakeFiles/robot.dir/home/juan/pico/pico-sdk/src/rp2_common/pico_float/float_init_rom.c.obj
[...]
Memory Configuration

Name             Origin             Length             Attributes
FLASH            0x10000000         0x00200000         xr
RAM              0x20000000         0x00040000         xrw
SCRATCH_X        0x20040000         0x00001000         xrw
SCRATCH_Y        0x20041000         0x00001000         xrw
*default*        0x00000000         0xffffffff

Linker script and memory map

LOAD /usr/lib/gcc/arm-none-eabi/8.3.1/thumb/v6-m/nofp/crti.o
LOAD /usr/lib/gcc/arm-none-eabi/8.3.1/thumb/v6-m/nofp/crtbegin.o
LOAD /usr/lib/gcc/arm-none-eabi/8.3.1/../../../arm-none-eabi/lib/thumb/v6-m/nofp/crt0.o

.flash_begin    0x10000000        0x0
                0x10000000                __flash_binary_start = .

.boot2          0x10000000      0x100
                0x10000000                __boot2_start__ = .
 *(.boot2)
 .boot2         0x10000000      0x100 /tmp/ccIwsbYY.o
                0x10000100                __boot2_end__ = .
                0x00000001                ASSERT (((__boot2_end__ - __boot2_start__) == 0x100), ERROR: Pico second stage bootloader must be 256 bytes in size)

.text           0x10000100     0x4b10
                0x10000100                __logical_binary_start = .
 *(.vectors)
 .vectors       0x10000100       0xd4 CMakeFiles/robot.dir/home/juan/pico/pico-sdk/src/rp2_common/pico_standard_link/crt0.S.obj
                0x10000100                __vectors
                0x10000100                __VECTOR_TABLE
                0x100001c0                isr_invalid
                0x100001c0                __default_isrs_start
                0x100001c2                isr_nmi
                0x100001c4                isr_hardfault
                0x100001c6                isr_svcall
                0x100001c8                isr_pendsv
                0x100001ca                isr_systick
                0x100001cc                isr_irq30
                0x100001cc                __unhandled_user_irq
                0x100001cc                isr_irq13
                0x100001cc                isr_irq27
                0x100001cc                isr_irq31
                0x100001cc                isr_irq5
                0x100001cc                isr_irq11
                0x100001cc                isr_irq23
                0x100001cc                isr_irq18
                0x100001cc                isr_irq28
                0x100001cc                isr_irq19
                0x100001cc                isr_irq0
                0x100001cc                isr_irq6
                0x100001cc                isr_irq22
                0x100001cc                isr_irq17
                0x100001cc                isr_irq14
                0x100001cc                isr_irq2
                0x100001cc                isr_irq10
                0x100001cc                isr_irq8
                0x100001cc                isr_irq24
                0x100001cc                isr_irq1
                0x100001cc                isr_irq7
                0x100001cc                isr_irq21
                0x100001cc                isr_irq20
                0x100001cc                isr_irq15
                0x100001cc                isr_irq25
                0x100001cc                isr_irq4
                0x100001cc                isr_irq16
                0x100001cc                isr_irq29
                0x100001cc                isr_irq26
                0x100001cc                __default_isrs_end
                0x100001cc                isr_irq3
                0x100001cc                isr_irq12
                0x100001cc                isr_irq9
                0x100001d2                unhandled_user_irq_num_in_r0
 *(.binary_info_header)
 .binary_info_header
                0x100001d4       0x14 CMakeFiles/robot.dir/home/juan/pico/pico-sdk/src/rp2_common/pico_standard_link/crt0.S.obj
                0x100001e8                __binary_info_header_end = .
 *(.reset)
 .reset         0x100001e8       0xa0 CMakeFiles/robot.dir/home/juan/pico/pico-sdk/src/rp2_common/pico_standard_link/crt0.S.obj
                0x100001e8                _entry_point
 .reset         0x10000288       0x30 CMakeFiles/robot.dir/home/juan/pico/pico-sdk/src/rp2_common/pico_standard_link/binary_info.c.obj
 *(.init)
 .init          0x100002b8        0x4 /usr/lib/gcc/arm-none-eabi/8.3.1/thumb/v6-m/nofp/crti.o
                0x100002b8                _init
 *(EXCLUDE_FILE(*libm.a: *libc.a:*lib_a-mem*.o *libgcc.a:) .text*)
 .text          0x100002bc       0x98 /usr/lib/gcc/arm-none-eabi/8.3.1/thumb/v6-m/nofp/crtbegin.o
 .text.modo_init
                0x10000354       0x2c CMakeFiles/robot.dir/robot.c.obj
                0x10000354                modo_init
 .text.modo_sumo
                0x10000380       0xdc CMakeFiles/robot.dir/robot.c.obj
                0x10000380                modo_sumo
 .text.main     0x1000045c       0x68 CMakeFiles/robot.dir/robot.c.obj
                0x1000045c                main
 .text.gpio_set_function
                0x100004c4       0x30 CMakeFiles/robot.dir/home/juan/pico/pico-sdk/src/rp2_common/hardware_gpio/gpio.c.obj
                0x100004c4                gpio_set_function
 .text.gpio_set_pulls
                0x100004f4       0x34 CMakeFiles/robot.dir/home/juan/pico/pico-sdk/src/rp2_common/hardware_gpio/gpio.c.obj
                0x100004f4                gpio_set_pulls
 .text.gpio_set_input_enabled
                0x10000528       0x30 CMakeFiles/robot.dir/home/juan/pico/pico-sdk/src/rp2_common/hardware_gpio/gpio.c.obj
                0x10000528                gpio_set_input_enabled
 .text.gpio_init
                0x10000558       0x16 CMakeFiles/robot.dir/home/juan/pico/pico-sdk/src/rp2_common/hardware_gpio/gpio.c.obj
                0x10000558                gpio_init
 *fill*         0x1000056e        0x2 
 .text.running_on_fpga
                0x10000570       0x14 CMakeFiles/robot.dir/home/juan/pico/pico-sdk/src/rp2_common/pico_platform/platform.c.obj
                0x10000570                running_on_fpga
 .text.hw_claim_lock
                0x10000584       0x18 CMakeFiles/robot.dir/home/juan/pico/pico-sdk/src/rp2_common/hardware_claim/claim.c.obj
                0x10000584                hw_claim_lock
 .text.hw_claim_unlock
                0x1000059c       0x14 CMakeFiles/robot.dir/home/juan/pico/pico-sdk/src/rp2_common/hardware_claim/claim.c.obj
                0x1000059c                hw_claim_unlock
 .text.hw_claim_or_assert
                0x100005b0       0x32 CMakeFiles/robot.dir/home/juan/pico/pico-sdk/src/rp2_common/hardware_claim/claim.c.obj
                0x100005b0                hw_claim_or_assert
 *fill*         0x100005e2        0x2 
 .text.spin_locks_reset
                0x100005e4       0x20 CMakeFiles/robot.dir/home/juan/pico/pico-sdk/src/rp2_common/hardware_sync/sync.c.obj
                0x100005e4                spin_locks_reset
 .text.next_striped_spin_lock_num
                0x10000604       0x1c CMakeFiles/robot.dir/home/juan/pico/pico-sdk/src/rp2_common/hardware_sync/sync.c.obj
                0x10000604                next_striped_spin_lock_num
 .text.set_raw_irq_handler_and_unlock
                0x10000620       0x28 CMakeFiles/robot.dir/home/juan/pico/pico-sdk/src/rp2_common/hardware_irq/irq.c.obj
 .text.make_branch
                0x10000648       0x48 CMakeFiles/robot.dir/home/juan/pico/pico-sdk/src/rp2_common/hardware_irq/irq.c.obj
 .text.insert_branch_and_link
                0x10000690       0x40 CMakeFiles/robot.dir/home/juan/pico/pico-sdk/src/rp2_common/hardware_irq/irq.c.obj
 .text.irq_is_enabled
                0x100006d0       0x18 CMakeFiles/robot.dir/home/juan/pico/pico-sdk/src/rp2_common/hardware_irq/irq.c.obj
                0x100006d0                irq_is_enabled
 .text.irq_set_mask_enabled
                0x100006e8       0x20 CMakeFiles/robot.dir/home/juan/pico/pico-sdk/src/rp2_common/hardware_irq/irq.c.obj
                0x100006e8                irq_set_mask_enabled
 .text.irq_set_enabled
                0x10000708        0xe CMakeFiles/robot.dir/home/juan/pico/pico-sdk/src/rp2_common/hardware_irq/irq.c.obj
                0x10000708                irq_set_enabled
 *fill*         0x10000716        0x2 
 .text.irq_get_vtable_handler
                0x10000718       0x10 CMakeFiles/robot.dir/home/juan/pico/pico-sdk/src/rp2_common/hardware_irq/irq.c.obj
                0x10000718                irq_get_vtable_handler
 .text.irq_set_exclusive_handler
                0x10000728       0x54 CMakeFiles/robot.dir/home/juan/pico/pico-sdk/src/rp2_common/hardware_irq/irq.c.obj
                0x10000728                irq_set_exclusive_handler
 .text.irq_remove_handler
                0x1000077c      0x1a4 CMakeFiles/robot.dir/home/juan/pico/pico-sdk/src/rp2_common/hardware_irq/irq.c.obj
                0x1000077c                irq_remove_handler
 .text.irq_add_tail_to_free_list
                0x10000920       0xf0 CMakeFiles/robot.dir/home/juan/pico/pico-sdk/src/rp2_common/hardware_irq/irq.c.obj
                0x10000920                irq_add_tail_to_free_list
 .text.irq_init_priorities
                0x10000a10       0x1c CMakeFiles/robot.dir/home/juan/pico/pico-sdk/src/rp2_common/hardware_irq/irq.c.obj
                0x10000a10                irq_init_priorities
 .text.lock_init
                0x10000a2c       0x10 CMakeFiles/robot.dir/home/juan/pico/pico-sdk/src/common/pico_sync/lock_core.c.obj
                0x10000a2c                lock_init
 .text.mutex_init
                0x10000a3c       0x1a CMakeFiles/robot.dir/home/juan/pico/pico-sdk/src/common/pico_sync/mutex.c.obj
                0x10000a3c                mutex_init
 .text.recursive_mutex_init
                0x10000a56       0x1e CMakeFiles/robot.dir/home/juan/pico/pico-sdk/src/common/pico_sync/mutex.c.obj
                0x10000a56                recursive_mutex_init
 .text.sleep_until_callback
                0x10000a74       0x30 CMakeFiles/robot.dir/home/juan/pico/pico-sdk/src/common/pico_time/time.c.obj
 .text.alarm_pool_post_alloc_init
                0x10000aa4       0x40 CMakeFiles/robot.dir/home/juan/pico/pico-sdk/src/common/pico_time/time.c.obj
 .text.timer_pool_entry_comparator
                0x10000ae4       0x7c CMakeFiles/robot.dir/home/juan/pico/pico-sdk/src/common/pico_time/time.c.obj
                0x10000ae4                timer_pool_entry_comparator
 .text.ph_add_child_node
                0x10000b60       0xa4 CMakeFiles/robot.dir/home/juan/pico/pico-sdk/src/common/pico_time/time.c.obj
 .text.ph_merge_nodes
                0x10000c04       0x3e CMakeFiles/robot.dir/home/juan/pico/pico-sdk/src/common/pico_time/time.c.obj
 *fill*         0x10000c42        0x2 
 .text.add_alarm_under_lock
                0x10000c44      0x180 CMakeFiles/robot.dir/home/juan/pico/pico-sdk/src/common/pico_time/time.c.obj
 .text.alarm_pool_alarm_callback
                0x10000dc4      0x33c CMakeFiles/robot.dir/home/juan/pico/pico-sdk/src/common/pico_time/time.c.obj
 .text.alarm_pool_init_default
                0x10001100       0x40 CMakeFiles/robot.dir/home/juan/pico/pico-sdk/src/common/pico_time/time.c.obj
                0x10001100                alarm_pool_init_default
 .text.alarm_pool_get_default
                0x10001140       0x2c CMakeFiles/robot.dir/home/juan/pico/pico-sdk/src/common/pico_time/time.c.obj
                0x10001140                alarm_pool_get_default
 .text.alarm_pool_add_alarm_at
                0x1000116c      0x14c CMakeFiles/robot.dir/home/juan/pico/pico-sdk/src/common/pico_time/time.c.obj
                0x1000116c                alarm_pool_add_alarm_at
 .text.alarm_pool_cancel_alarm
                0x100012b8       0xec CMakeFiles/robot.dir/home/juan/pico/pico-sdk/src/common/pico_time/time.c.obj
                0x100012b8                alarm_pool_cancel_alarm
 .text.sleep_until
                0x100013a4       0xf8 CMakeFiles/robot.dir/home/juan/pico/pico-sdk/src/common/pico_time/time.c.obj
                0x100013a4                sleep_until
 .text.sleep_us
                0x1000149c       0x50 CMakeFiles/robot.dir/home/juan/pico/pico-sdk/src/common/pico_time/time.c.obj
                0x1000149c                sleep_us
 .text.sleep_ms
                0x100014ec       0x14 CMakeFiles/robot.dir/home/juan/pico/pico-sdk/src/common/pico_time/time.c.obj
                0x100014ec                sleep_ms
 .text.best_effort_wfe_or_timeout
                0x10001500       0xac CMakeFiles/robot.dir/home/juan/pico/pico-sdk/src/common/pico_time/time.c.obj
                0x10001500                best_effort_wfe_or_timeout
 .text.hardware_alarm_irq_handler
                0x100015ac       0x90 CMakeFiles/robot.dir/home/juan/pico/pico-sdk/src/rp2_common/hardware_timer/timer.c.obj
 .text.hardware_alarm_claim
                0x1000163c       0x18 CMakeFiles/robot.dir/home/juan/pico/pico-sdk/src/rp2_common/hardware_timer/timer.c.obj
                0x1000163c                hardware_alarm_claim
 .text.time_us_64
                0x10001654       0x18 CMakeFiles/robot.dir/home/juan/pico/pico-sdk/src/rp2_common/hardware_timer/timer.c.obj
                0x10001654                time_us_64
 .text.busy_wait_until
                0x1000166c       0x24 CMakeFiles/robot.dir/home/juan/pico/pico-sdk/src/rp2_common/hardware_timer/timer.c.obj
                0x1000166c                busy_wait_until
 .text.hardware_alarm_set_callback
                0x10001690       0x90 CMakeFiles/robot.dir/home/juan/pico/pico-sdk/src/rp2_common/hardware_timer/timer.c.obj
                0x10001690                hardware_alarm_set_callback
 .text.hardware_alarm_set_target
                0x10001720       0xe8 CMakeFiles/robot.dir/home/juan/pico/pico-sdk/src/rp2_common/hardware_timer/timer.c.obj
                0x10001720                hardware_alarm_set_target
 .text.hardware_alarm_cancel
                0x10001808       0x40 CMakeFiles/robot.dir/home/juan/pico/pico-sdk/src/rp2_common/hardware_timer/timer.c.obj
                0x10001808                hardware_alarm_cancel
 .text.ph_add_child_node
                0x10001848       0xa4 CMakeFiles/robot.dir/home/juan/pico/pico-sdk/src/common/pico_util/pheap.c.obj
 .text.ph_merge_nodes
                0x100018ec       0x3e CMakeFiles/robot.dir/home/juan/pico/pico-sdk/src/common/pico_util/pheap.c.obj
 *fill*         0x1000192a        0x2 
 .text.ph_clear
                0x1000192c       0x70 CMakeFiles/robot.dir/home/juan/pico/pico-sdk/src/common/pico_util/pheap.c.obj
                0x1000192c                ph_clear
 .text.ph_post_alloc_init
                0x1000199c        0xe CMakeFiles/robot.dir/home/juan/pico/pico-sdk/src/common/pico_util/pheap.c.obj
                0x1000199c                ph_post_alloc_init
 *fill*         0x100019aa        0x2 
 .text.ph_merge_two_pass
                0x100019ac       0xac CMakeFiles/robot.dir/home/juan/pico/pico-sdk/src/common/pico_util/pheap.c.obj
                0x100019ac                ph_merge_two_pass
 .text.ph_remove_any_head
                0x10001a58      0x128 CMakeFiles/robot.dir/home/juan/pico/pico-sdk/src/common/pico_util/pheap.c.obj
 .text.ph_remove_head
                0x10001b80       0x14 CMakeFiles/robot.dir/home/juan/pico/pico-sdk/src/common/pico_util/pheap.c.obj
                0x10001b80                ph_remove_head
 .text.ph_remove_and_free_node
                0x10001b94       0xf8 CMakeFiles/robot.dir/home/juan/pico/pico-sdk/src/common/pico_util/pheap.c.obj
                0x10001b94                ph_remove_and_free_node
 .text.uart_set_baudrate
                0x10001c8c       0x5c CMakeFiles/robot.dir/home/juan/pico/pico-sdk/src/rp2_common/hardware_uart/uart.c.obj
                0x10001c8c                uart_set_baudrate
 .text.uart_set_translate_crlf
                0x10001ce8       0x28 CMakeFiles/robot.dir/home/juan/pico/pico-sdk/src/rp2_common/hardware_uart/uart.c.obj
                0x10001ce8                uart_set_translate_crlf
 .text.uart_init
                0x10001d10       0x80 CMakeFiles/robot.dir/home/juan/pico/pico-sdk/src/rp2_common/hardware_uart/uart.c.obj
                0x10001d10                uart_init
 .text.clock_configure
                0x10001d90       0xfc CMakeFiles/robot.dir/home/juan/pico/pico-sdk/src/rp2_common/hardware_clocks/clocks.c.obj
                0x10001d90                clock_configure
 .text.clocks_init
                0x10001e8c      0x100 CMakeFiles/robot.dir/home/juan/pico/pico-sdk/src/rp2_common/hardware_clocks/clocks.c.obj
                0x10001e8c                clocks_init
 .text.clock_get_hz
                0x10001f8c        0xc CMakeFiles/robot.dir/home/juan/pico/pico-sdk/src/rp2_common/hardware_clocks/clocks.c.obj
                0x10001f8c                clock_get_hz
 .text.pll_init
                0x10001f98      0x128 CMakeFiles/robot.dir/home/juan/pico/pico-sdk/src/rp2_common/hardware_pll/pll.c.obj
                0x10001f98                pll_init
 .text.watchdog_start_tick
                0x100020c0       0x10 CMakeFiles/robot.dir/home/juan/pico/pico-sdk/src/rp2_common/hardware_watchdog/watchdog.c.obj
                0x100020c0                watchdog_start_tick
 .text.xosc_init
                0x100020d0       0x28 CMakeFiles/robot.dir/home/juan/pico/pico-sdk/src/rp2_common/hardware_xosc/xosc.c.obj
                0x100020d0                xosc_init
 .text._exit    0x100020f8        0x4 CMakeFiles/robot.dir/home/juan/pico/pico-sdk/src/rp2_common/pico_runtime/runtime.c.obj
                0x100020f8                _exit
 .text.exit     0x100020fc        0x6 CMakeFiles/robot.dir/home/juan/pico/pico-sdk/src/rp2_common/pico_runtime/runtime.c.obj
                0x100020fc                exit
 *fill*         0x10002102        0x2 
 .text.__assert_func
                0x10002104       0x3c CMakeFiles/robot.dir/home/juan/pico/pico-sdk/src/rp2_common/pico_runtime/runtime.c.obj
                0x10002104                __assert_func
 .text.runtime_init
                0x10002140       0xf8 CMakeFiles/robot.dir/home/juan/pico/pico-sdk/src/rp2_common/pico_runtime/runtime.c.obj
                0x10002140                runtime_init
 .text.panic    0x10002238       0x30 CMakeFiles/robot.dir/home/juan/pico/pico-sdk/src/rp2_common/pico_runtime/runtime.c.obj
                0x10002238                panic
 .text._out_null
                0x10002268        0x2 CMakeFiles/robot.dir/home/juan/pico/pico-sdk/src/rp2_common/pico_printf/printf.c.obj
 .text._out_fct
                0x1000226a        0xe CMakeFiles/robot.dir/home/juan/pico/pico-sdk/src/rp2_common/pico_printf/printf.c.obj
 .text._atoi    0x10002278       0x28 CMakeFiles/robot.dir/home/juan/pico/pico-sdk/src/rp2_common/pico_printf/printf.c.obj
 .text._out_rev
                0x100022a0       0x8c CMakeFiles/robot.dir/home/juan/pico/pico-sdk/src/rp2_common/pico_printf/printf.c.obj
 .text._ntoa_format
                0x1000232c      0x10c CMakeFiles/robot.dir/home/juan/pico/pico-sdk/src/rp2_common/pico_printf/printf.c.obj
 .text._ntoa_long
                0x10002438       0xb0 CMakeFiles/robot.dir/home/juan/pico/pico-sdk/src/rp2_common/pico_printf/printf.c.obj
 .text._ntoa_long_long
                0x100024e8       0xe6 CMakeFiles/robot.dir/home/juan/pico/pico-sdk/src/rp2_common/pico_printf/printf.c.obj
 *fill*         0x100025ce        0x2 
 .text._etoa    0x100025d0      0x408 CMakeFiles/robot.dir/home/juan/pico/pico-sdk/src/rp2_common/pico_printf/printf.c.obj
 .text._ftoa    0x100029d8      0x344 CMakeFiles/robot.dir/home/juan/pico/pico-sdk/src/rp2_common/pico_printf/printf.c.obj
 .text._vsnprintf
                0x10002d1c      0x61c CMakeFiles/robot.dir/home/juan/pico/pico-sdk/src/rp2_common/pico_printf/printf.c.obj
 .text.vfctprintf
                0x10003338       0x20 CMakeFiles/robot.dir/home/juan/pico/pico-sdk/src/rp2_common/pico_printf/printf.c.obj
                0x10003338                vfctprintf
 .text          0x10003358       0x10 CMakeFiles/robot.dir/home/juan/pico/pico-sdk/src/rp2_common/pico_bit_ops/bit_ops_aeabi.S.obj
 .text.rom_func_lookup
                0x10003368       0x10 CMakeFiles/robot.dir/home/juan/pico/pico-sdk/src/rp2_common/pico_bootrom/bootrom.c.obj
                0x10003368                rom_func_lookup
 .text.rom_data_lookup
                0x10003378       0x10 CMakeFiles/robot.dir/home/juan/pico/pico-sdk/src/rp2_common/pico_bootrom/bootrom.c.obj
                0x10003378                rom_data_lookup
 .text.rom_funcs_lookup
                0x10003388       0x36 CMakeFiles/robot.dir/home/juan/pico/pico-sdk/src/rp2_common/pico_bootrom/bootrom.c.obj
                0x10003388                rom_funcs_lookup
 *fill*         0x100033be        0x2 
 .text.__wrap___aeabi_idiv
                0x100033c0       0x50 CMakeFiles/robot.dir/home/juan/pico/pico-sdk/src/rp2_common/pico_divider/divider.S.obj
                0x100033c0                __wrap___aeabi_idivmod
                0x100033c0                divmod_s32s32
                0x100033c0                div_s32s32
                0x100033c0                __wrap___aeabi_idiv
                0x100033c8                divmod_s32s32_unsafe
                0x100033f4                divmod_s32s32_savestate
 .text.__wrap___aeabi_uidiv
                0x10003410       0x4c CMakeFiles/robot.dir/home/juan/pico/pico-sdk/src/rp2_common/pico_divider/divider.S.obj
                0x10003410                __wrap___aeabi_uidiv
                0x10003410                __wrap___aeabi_uidivmod
                0x10003410                div_u32u32
                0x10003410                divmod_u32u32
                0x10003418                divmod_u32u32_unsafe
                0x10003440                divmod_u32u32_savestate
 .text.__wrap___aeabi_ldiv
                0x1000345c      0x424 CMakeFiles/robot.dir/home/juan/pico/pico-sdk/src/rp2_common/pico_divider/divider.S.obj
                0x1000345c                div_s64s64
                0x1000345c                divmod_s64s64
                0x1000345c                __wrap___aeabi_ldivmod
                0x1000348c                div_u64u64
                0x1000348c                divmod_u64u64
                0x1000348c                __wrap___aeabi_uldivmod
                0x1000349c                divmod_u64u64_savestate
                0x100034bc                divmod_s64s64_unsafe
                0x10003544                divmod_u64u64_unsafe
 .text.__wrap___aeabi_darithmetic
                0x10003880       0x80 CMakeFiles/robot.dir/home/juan/pico/pico-sdk/src/rp2_common/pico_double/double_aeabi.S.obj
                0x10003880                __wrap___aeabi_drsub
                0x10003886                __wrap___aeabi_dsub
                0x10003898                __wrap___aeabi_dadd
                0x100038aa                __wrap___aeabi_ddiv
                0x100038e6                __wrap___aeabi_dmul
 .text.__wrap___aeabi_cdcmple
                0x10003900       0x6c CMakeFiles/robot.dir/home/juan/pico/pico-sdk/src/rp2_common/pico_double/double_aeabi.S.obj
                0x10003900                __wrap___aeabi_cdrcmple
                0x10003910                __wrap___aeabi_cdcmple
                0x10003910                __wrap___aeabi_cdcmpeq
 .text.__wrap___aeabi_dcmplt
                0x1000396c        0xc CMakeFiles/robot.dir/home/juan/pico/pico-sdk/src/rp2_common/pico_double/double_aeabi.S.obj
                0x1000396c                __wrap___aeabi_dcmplt
 .text.__wrap___aeabi_dcmple
                0x10003978       0x10 CMakeFiles/robot.dir/home/juan/pico/pico-sdk/src/rp2_common/pico_double/double_aeabi.S.obj
                0x10003978                __wrap___aeabi_dcmple
 .text.__wrap___aeabi_dcmpge
                0x10003988       0x10 CMakeFiles/robot.dir/home/juan/pico/pico-sdk/src/rp2_common/pico_double/double_aeabi.S.obj
                0x10003988                __wrap___aeabi_dcmpge
 .text.__wrap___aeabi_dcmpgt
                0x10003998        0xa CMakeFiles/robot.dir/home/juan/pico/pico-sdk/src/rp2_common/pico_double/double_aeabi.S.obj
                0x10003998                __wrap___aeabi_dcmpgt
 .text.__wrap___aeabi_dcmpun
                0x100039a2       0x1c CMakeFiles/robot.dir/home/juan/pico/pico-sdk/src/rp2_common/pico_double/double_aeabi.S.obj
                0x100039a2                __wrap___aeabi_dcmpun
 *fill*         0x100039be        0x2 
 .text.__wrap___aeabi_i2d
                0x100039c0       0x38 CMakeFiles/robot.dir/home/juan/pico/pico-sdk/src/rp2_common/pico_double/double_aeabi.S.obj
                0x100039c0                __wrap___aeabi_ui2d
                0x100039c8                __wrap___aeabi_i2d
 .text.__wrap___aeabi_d2iz
                0x100039f8       0x48 CMakeFiles/robot.dir/home/juan/pico/pico-sdk/src/rp2_common/pico_double/double_aeabi.S.obj
                0x100039f8                __wrap___aeabi_d2iz
                0x100039f8                double2int_z
 .text.__wrap___aeabi_d2uiz
                0x10003a40       0x18 CMakeFiles/robot.dir/home/juan/pico/pico-sdk/src/rp2_common/pico_double/double_aeabi.S.obj
                0x10003a40                double2uint
                0x10003a40                __wrap___aeabi_d2uiz
 .text.__aeabi_double_init
                0x10003a58       0xc8 CMakeFiles/robot.dir/home/juan/pico/pico-sdk/src/rp2_common/pico_double/double_init_rom.c.obj
                0x10003a58                __aeabi_double_init
 .text.double_table_shim_on_use_helper
                0x10003b20       0x34 CMakeFiles/robot.dir/home/juan/pico/pico-sdk/src/rp2_common/pico_double/double_v1_rom_shim.S.obj
                0x10003b20                double_table_shim_on_use_helper
 .text.__wrap___aeabi_dsub
                0x10003b54       0x10 CMakeFiles/robot.dir/home/juan/pico/pico-sdk/src/rp2_common/pico_double/double_v1_rom_shim.S.obj
                0x10003b54                drsub_shim
                0x10003b5a                dsub_shim
 .text.dadd_shim
                0x10003b64      0x15c CMakeFiles/robot.dir/home/juan/pico/pico-sdk/src/rp2_common/pico_double/double_v1_rom_shim.S.obj
                0x10003b64                dadd_shim
 .text.dmul_shim
                0x10003cc0      0x15c CMakeFiles/robot.dir/home/juan/pico/pico-sdk/src/rp2_common/pico_double/double_v1_rom_shim.S.obj
                0x10003cc0                dmul_shim
 .text.ddiv_shim
                0x10003e1c      0x1b0 CMakeFiles/robot.dir/home/juan/pico/pico-sdk/src/rp2_common/pico_double/double_v1_rom_shim.S.obj
                0x10003e1c                ddiv_shim
 .text.double2uint_shim
                0x10003fcc        0xe CMakeFiles/robot.dir/home/juan/pico/pico-sdk/src/rp2_common/pico_double/double_v1_rom_shim.S.obj
                0x10003fcc                double2uint_shim
                0x10003fce                double2ufix_shim
 *fill*         0x10003fda        0x2 
 .text.double2uint64_shim
                0x10003fdc       0x70 CMakeFiles/robot.dir/home/juan/pico/pico-sdk/src/rp2_common/pico_double/double_v1_rom_shim.S.obj
                0x10003fdc                double2uint64_shim
                0x10003fde                double2ufix64_shim
                0x10003ffe                d2fix_a
 .text.dunpacks
                0x1000404c       0x3c CMakeFiles/robot.dir/home/juan/pico/pico-sdk/src/rp2_common/pico_double/double_v1_rom_shim.S.obj
                0x1000404c                dunpacks
 .text.__aeabi_lmul
                0x10004088       0x32 CMakeFiles/robot.dir/home/juan/pico/pico-sdk/src/rp2_common/pico_int64_ops/pico_int64_ops_aeabi.S.obj
                0x10004088                __wrap___aeabi_lmul
 *fill*         0x100040ba        0x2 
 .text.__aeabi_float_init
                0x100040bc       0xfc CMakeFiles/robot.dir/home/juan/pico/pico-sdk/src/rp2_common/pico_float/float_init_rom.c.obj
                0x100040bc                __aeabi_float_init
 .text.float_table_shim_on_use_helper
                0x100041b8       0x34 CMakeFiles/robot.dir/home/juan/pico/pico-sdk/src/rp2_common/pico_float/float_v1_rom_shim.S.obj
                0x100041b8                float_table_shim_on_use_helper
 .text          0x100041ec       0x10 CMakeFiles/robot.dir/home/juan/pico/pico-sdk/src/rp2_common/pico_mem_ops/mem_ops_aeabi.S.obj
                0x100041ec                __aeabi_mem_init
 .text.memcpy   0x100041fc        0xc CMakeFiles/robot.dir/home/juan/pico/pico-sdk/src/rp2_common/pico_mem_ops/mem_ops_aeabi.S.obj
                0x100041fc                __wrap___aeabi_memcpy
                0x100041fc                __wrap_memcpy
 .text.stdio_out_chars_no_crlf
                0x10004208        0xe CMakeFiles/robot.dir/home/juan/pico/pico-sdk/src/rp2_common/pico_stdio/stdio.c.obj
 *fill*         0x10004216        0x2 
 .text.stdio_out_chars_crlf
                0x10004218       0x80 CMakeFiles/robot.dir/home/juan/pico/pico-sdk/src/rp2_common/pico_stdio/stdio.c.obj
 .text.stdio_stack_buffer_flush
                0x10004298       0x44 CMakeFiles/robot.dir/home/juan/pico/pico-sdk/src/rp2_common/pico_stdio/stdio.c.obj
 .text.stdio_buffered_printer
                0x100042dc       0x20 CMakeFiles/robot.dir/home/juan/pico/pico-sdk/src/rp2_common/pico_stdio/stdio.c.obj
 .text.stdout_serialize_begin
                0x100042fc       0x5c CMakeFiles/robot.dir/home/juan/pico/pico-sdk/src/rp2_common/pico_stdio/stdio.c.obj
                0x100042fc                stdout_serialize_begin
 .text.stdout_serialize_end
                0x10004358       0x10 CMakeFiles/robot.dir/home/juan/pico/pico-sdk/src/rp2_common/pico_stdio/stdio.c.obj
                0x10004358                stdout_serialize_end
 .text.stdio_put_string
                0x10004368       0x94 CMakeFiles/robot.dir/home/juan/pico/pico-sdk/src/rp2_common/pico_stdio/stdio.c.obj
 .text.stdio_set_driver_enabled
                0x100043fc       0x2c CMakeFiles/robot.dir/home/juan/pico/pico-sdk/src/rp2_common/pico_stdio/stdio.c.obj
                0x100043fc                stdio_set_driver_enabled
 .text.stdio_flush
                0x10004428       0x20 CMakeFiles/robot.dir/home/juan/pico/pico-sdk/src/rp2_common/pico_stdio/stdio.c.obj
                0x10004428                stdio_flush
 .text.__wrap_puts
                0x10004448       0x1e CMakeFiles/robot.dir/home/juan/pico/pico-sdk/src/rp2_common/pico_stdio/stdio.c.obj
                0x10004448                __wrap_puts
 *fill*         0x10004466        0x2 
 .text.__wrap_vprintf
                0x10004468       0x40 CMakeFiles/robot.dir/home/juan/pico/pico-sdk/src/rp2_common/pico_stdio/stdio.c.obj
                0x10004468                __wrap_vprintf
 .text.__wrap_printf
                0x100044a8       0x18 CMakeFiles/robot.dir/home/juan/pico/pico-sdk/src/rp2_common/pico_stdio/stdio.c.obj
                0x100044a8                __wrap_printf
 .text.stdio_init_all
                0x100044c0        0xa CMakeFiles/robot.dir/home/juan/pico/pico-sdk/src/rp2_common/pico_stdio/stdio.c.obj
                0x100044c0                stdio_init_all
 *fill*         0x100044ca        0x2 
 .text.stdio_uart_out_chars
                0x100044cc       0x74 CMakeFiles/robot.dir/home/juan/pico/pico-sdk/src/rp2_common/pico_stdio_uart/stdio_uart.c.obj
 .text.stdio_uart_in_chars
                0x10004540       0x78 CMakeFiles/robot.dir/home/juan/pico/pico-sdk/src/rp2_common/pico_stdio_uart/stdio_uart.c.obj
                0x10004540                stdio_uart_in_chars
 .text.on_uart_rx
                0x100045b8       0x28 CMakeFiles/robot.dir/home/juan/pico/pico-sdk/src/rp2_common/pico_stdio_uart/stdio_uart.c.obj
 .text.stdio_uart_set_chars_available_callback
                0x100045e0       0x8c CMakeFiles/robot.dir/home/juan/pico/pico-sdk/src/rp2_common/pico_stdio_uart/stdio_uart.c.obj
 .text.stdio_uart_init_full
                0x1000466c       0x44 CMakeFiles/robot.dir/home/juan/pico/pico-sdk/src/rp2_common/pico_stdio_uart/stdio_uart.c.obj
                0x1000466c                stdio_uart_init_full
 .text.stdio_uart_init
                0x100046b0       0x28 CMakeFiles/robot.dir/home/juan/pico/pico-sdk/src/rp2_common/pico_stdio_uart/stdio_uart.c.obj
                0x100046b0                stdio_uart_init
 .text.adc_init
                0x100046d8       0x34 CMakeFiles/robot.dir/home/juan/pico/pico-sdk/src/rp2_common/hardware_adc/adc.c.obj
                0x100046d8                adc_init
 .text.ultrasonico_init
                0x1000470c       0x2e liblibs.a(ultrasonico.c.obj)
                0x1000470c                ultrasonico_init
 *fill*         0x1000473a        0x2 
 .text.motor_init
                0x1000473c       0xd8 liblibs.a(l298.c.obj)
                0x1000473c                motor_init
 .text.motor_forward
                0x10004814       0x68 liblibs.a(l298.c.obj)
                0x10004814                motor_forward
 .text.motor_reverse
                0x1000487c       0x68 liblibs.a(l298.c.obj)
                0x1000487c                motor_reverse
 .text.motor_forward_partial
                0x100048e4       0x84 liblibs.a(l298.c.obj)
                0x100048e4                motor_forward_partial
 .text.motor_reverse_partial
                0x10004968       0x84 liblibs.a(l298.c.obj)
                0x10004968                motor_reverse_partial
 .text.motor_stop
                0x100049ec        0xe liblibs.a(l298.c.obj)
                0x100049ec                motor_stop
 .text.ir_hacia_adelante
                0x100049fa       0x14 liblibs.a(l298.c.obj)
                0x100049fa                ir_hacia_adelante
 .text.ir_hacia_atras
                0x10004a0e       0x14 liblibs.a(l298.c.obj)
                0x10004a0e                ir_hacia_atras
 .text.girar_a_la_derecha
                0x10004a22       0x14 liblibs.a(l298.c.obj)
                0x10004a22                girar_a_la_derecha
 .text.girar_a_la_izquierda
                0x10004a36       0x16 liblibs.a(l298.c.obj)
                0x10004a36                girar_a_la_izquierda
 .text.doblar_a_la_derecha
                0x10004a4c       0x16 liblibs.a(l298.c.obj)
                0x10004a4c                doblar_a_la_derecha
 .text.doblar_a_la_izquierda
                0x10004a62       0x18 liblibs.a(l298.c.obj)
                0x10004a62                doblar_a_la_izquierda
 .text.atras_a_la_derecha
                0x10004a7a       0x16 liblibs.a(l298.c.obj)
                0x10004a7a                atras_a_la_derecha
 .text.atras_a_la_izquierda
                0x10004a90       0x18 liblibs.a(l298.c.obj)
                0x10004a90                atras_a_la_izquierda
 .text.full_stop
                0x10004aa8       0x14 liblibs.a(l298.c.obj)
                0x10004aa8                full_stop
 .text.uart_start
                0x10004abc       0x28 liblibs.a(bt.c.obj)
                0x10004abc                uart_start
 .text.actuador_init
                0x10004ae4       0x14 liblibs.a(actuadores.c.obj)
                0x10004ae4                actuador_init
 .text.potenciometro_init
                0x10004af8       0x3c liblibs.a(actuadores.c.obj)
                0x10004af8                potenciometro_init
 .text.actuar   0x10004b34        0xc liblibs.a(actuadores.c.obj)
                0x10004b34                actuar
 .text.no_actuar
                0x10004b40        0xc liblibs.a(actuadores.c.obj)
                0x10004b40                no_actuar
 .text.infrarojo_init
                0x10004b4c       0x14 liblibs.a(infrarrojo.c.obj)
                0x10004b4c                infrarojo_init
 .text          0x10004b60       0x68 /usr/lib/gcc/arm-none-eabi/8.3.1/../../../arm-none-eabi/lib/thumb/v6-m/nofp/libg.a(lib_a-strlen-stub.o)
                0x10004b60                strlen
 *(.fini)
 .fini          0x10004bc8        0x4 /usr/lib/gcc/arm-none-eabi/8.3.1/thumb/v6-m/nofp/crti.o
                0x10004bc8                _fini
 *fill*         0x10004bcc        0x4 
 .fini.__stub   0x10004bd0       0x40 linker stubs
 *crtbegin.o(.ctors)
 *crtbegin?.o(.ctors)
 *(EXCLUDE_FILE(*crtend.o *crtend?.o) .ctors)
 *(SORT_BY_NAME(.ctors.*))
 *(.ctors)
 *crtbegin.o(.dtors)
 *crtbegin?.o(.dtors)
 *(EXCLUDE_FILE(*crtend.o *crtend?.o) .dtors)
 *(SORT_BY_NAME(.dtors.*))
 *(.dtors)
 *(.eh_frame*)
 .eh_frame      0x10004c10        0x0 /usr/lib/gcc/arm-none-eabi/8.3.1/thumb/v6-m/nofp/crtbegin.o
                0x10004c10                . = ALIGN (0x4)

.glue_7         0x10004c10        0x0
 .glue_7        0x10004c10        0x0 linker stubs

.glue_7t        0x10004c10        0x0
 .glue_7t       0x10004c10        0x0 linker stubs

.vfp11_veneer   0x10004c10        0x0
 .vfp11_veneer  0x10004c10        0x0 linker stubs

.v4_bx          0x10004c10        0x0
 .v4_bx         0x10004c10        0x0 linker stubs

.iplt           0x10004c10        0x0
 .iplt          0x10004c10        0x0 /usr/lib/gcc/arm-none-eabi/8.3.1/thumb/v6-m/nofp/crtbegin.o

.rodata         0x10004c10      0xfcc
 *(EXCLUDE_FILE(*libm.a: *libc.a:*lib_a-mem*.o *libgcc.a:) .rodata*)
 .rodata.modo_sumo
                0x10004c10       0xa4 CMakeFiles/robot.dir/robot.c.obj
 .rodata.__func__.4858
                0x10004cb4       0x1a CMakeFiles/robot.dir/home/juan/pico/pico-sdk/src/rp2_common/hardware_irq/irq.c.obj
 *fill*         0x10004cce        0x2 
 .rodata.__func__.4872
                0x10004cd0        0xc CMakeFiles/robot.dir/home/juan/pico/pico-sdk/src/rp2_common/hardware_irq/irq.c.obj
 .rodata.__func__.4880
                0x10004cdc       0x17 CMakeFiles/robot.dir/home/juan/pico/pico-sdk/src/rp2_common/hardware_irq/irq.c.obj
 *fill*         0x10004cf3        0x1 
 .rodata.__func__.4884
                0x10004cf4        0xf CMakeFiles/robot.dir/home/juan/pico/pico-sdk/src/rp2_common/hardware_irq/irq.c.obj
 *fill*         0x10004d03        0x1 
 .rodata.__func__.4923
                0x10004d04       0x13 CMakeFiles/robot.dir/home/juan/pico/pico-sdk/src/rp2_common/hardware_irq/irq.c.obj
 *fill*         0x10004d17        0x1 
 .rodata.__func__.4945
                0x10004d18       0x1a CMakeFiles/robot.dir/home/juan/pico/pico-sdk/src/rp2_common/hardware_irq/irq.c.obj
 *fill*         0x10004d32        0x2 
 .rodata.insert_branch_and_link.str1.4
                0x10004d34       0x10 CMakeFiles/robot.dir/home/juan/pico/pico-sdk/src/rp2_common/hardware_irq/irq.c.obj
 .rodata.irq_add_shared_handler.str1.4
                0x10004d44       0xd9 CMakeFiles/robot.dir/home/juan/pico/pico-sdk/src/rp2_common/hardware_irq/irq.c.obj
 *fill*         0x10004e1d        0x3 
 .rodata.irq_add_tail_to_free_list.str1.4
                0x10004e20       0x3a CMakeFiles/robot.dir/home/juan/pico/pico-sdk/src/rp2_common/hardware_irq/irq.c.obj
 *fill*         0x10004e5a        0x2 
 .rodata.irq_remove_handler.str1.4
                0x10004e5c       0x3a CMakeFiles/robot.dir/home/juan/pico/pico-sdk/src/rp2_common/hardware_irq/irq.c.obj
 *fill*         0x10004e96        0x2 
 .rodata.irq_set_exclusive_handler.str1.4
                0x10004e98       0x36 CMakeFiles/robot.dir/home/juan/pico/pico-sdk/src/rp2_common/hardware_irq/irq.c.obj
 *fill*         0x10004ece        0x2 
 .rodata.make_branch.str1.4
                0x10004ed0       0x6b CMakeFiles/robot.dir/home/juan/pico/pico-sdk/src/rp2_common/hardware_irq/irq.c.obj
 *fill*         0x10004f3b        0x1 
 .rodata.__func__.4773
                0x10004f3c       0x18 CMakeFiles/robot.dir/home/juan/pico/pico-sdk/src/common/pico_sync/mutex.c.obj
 .rodata.__func__.4792
                0x10004f54        0xb CMakeFiles/robot.dir/home/juan/pico/pico-sdk/src/common/pico_sync/mutex.c.obj
 *fill*         0x10004f5f        0x1 
 .rodata.str1.4
                0x10004f60       0xe9 CMakeFiles/robot.dir/home/juan/pico/pico-sdk/src/common/pico_sync/mutex.c.obj
 *fill*         0x10005049        0x3 
 .rodata.__func__.5751
                0x1000504c       0x15 CMakeFiles/robot.dir/home/juan/pico/pico-sdk/src/common/pico_time/time.c.obj
 *fill*         0x10005061        0x3 
 .rodata.__func__.6094
                0x10005064        0xc CMakeFiles/robot.dir/home/juan/pico/pico-sdk/src/common/pico_time/time.c.obj
 .rodata.__func__.6101
                0x10005070       0x12 CMakeFiles/robot.dir/home/juan/pico/pico-sdk/src/common/pico_time/time.c.obj
 *fill*         0x10005082        0x2 
 .rodata.__func__.6117
                0x10005084        0xf CMakeFiles/robot.dir/home/juan/pico/pico-sdk/src/common/pico_time/time.c.obj
 *fill*         0x10005093        0x1 
 .rodata.__func__.6139
                0x10005094        0xd CMakeFiles/robot.dir/home/juan/pico/pico-sdk/src/common/pico_time/time.c.obj
 *fill*         0x100050a1        0x3 
 .rodata.__func__.6369
                0x100050a4        0xa CMakeFiles/robot.dir/home/juan/pico/pico-sdk/src/common/pico_time/time.c.obj
 *fill*         0x100050ae        0x2 
 .rodata.__func__.6374
                0x100050b0       0x12 CMakeFiles/robot.dir/home/juan/pico/pico-sdk/src/common/pico_time/time.c.obj
 *fill*         0x100050c2        0x2 
 .rodata.__func__.6389
                0x100050c4       0x17 CMakeFiles/robot.dir/home/juan/pico/pico-sdk/src/common/pico_time/time.c.obj
 *fill*         0x100050db        0x1 
 .rodata.__func__.6400
                0x100050dc       0x15 CMakeFiles/robot.dir/home/juan/pico/pico-sdk/src/common/pico_time/time.c.obj
 *fill*         0x100050f1        0x3 
 .rodata.__func__.6417
                0x100050f4       0x1a CMakeFiles/robot.dir/home/juan/pico/pico-sdk/src/common/pico_time/time.c.obj
 *fill*         0x1000510e        0x2 
 .rodata.__func__.6470
                0x10005110       0x18 CMakeFiles/robot.dir/home/juan/pico/pico-sdk/src/common/pico_time/time.c.obj
 .rodata.add_alarm_under_lock.str1.4
                0x10005128       0x28 CMakeFiles/robot.dir/home/juan/pico/pico-sdk/src/common/pico_time/time.c.obj
                                 0x2b (size before relaxing)
 .rodata.alarm_pool_alarm_callback.str1.4
                0x10005150       0x98 CMakeFiles/robot.dir/home/juan/pico/pico-sdk/src/common/pico_time/time.c.obj
                                 0xf8 (size before relaxing)
 .rodata.alarm_pool_cancel_alarm.str1.4
                0x100051e8       0x27 CMakeFiles/robot.dir/home/juan/pico/pico-sdk/src/common/pico_time/time.c.obj
 *fill*         0x1000520f        0x1 
 .rodata.alarm_pool_get_default.str1.4
                0x10005210       0x21 CMakeFiles/robot.dir/home/juan/pico/pico-sdk/src/common/pico_time/time.c.obj
 *fill*         0x10005231        0x3 
 .rodata.ph_add_child_node.str1.4
                0x10005234       0x92 CMakeFiles/robot.dir/home/juan/pico/pico-sdk/src/common/pico_time/time.c.obj
 *fill*         0x100052c6        0x2 
 .rodata.repeating_timer_callback.str1.4
                0x100052c8       0x49 CMakeFiles/robot.dir/home/juan/pico/pico-sdk/src/common/pico_time/time.c.obj
 *fill*         0x10005311        0x3 
 .rodata.sleep_until.str1.4
                0x10005314       0x4d CMakeFiles/robot.dir/home/juan/pico/pico-sdk/src/common/pico_time/time.c.obj
 *fill*         0x10005361        0x3 
 .rodata.timer_pool_entry_comparator.str1.4
                0x10005364       0x22 CMakeFiles/robot.dir/home/juan/pico/pico-sdk/src/common/pico_time/time.c.obj
 *fill*         0x10005386        0x2 
 .rodata.__func__.4639
                0x10005388       0x1a CMakeFiles/robot.dir/home/juan/pico/pico-sdk/src/rp2_common/hardware_timer/timer.c.obj
 *fill*         0x100053a2        0x2 
 .rodata.hardware_alarm_claim.str1.4
                0x100053a4       0x22 CMakeFiles/robot.dir/home/juan/pico/pico-sdk/src/rp2_common/hardware_timer/timer.c.obj
 *fill*         0x100053c6        0x2 
 .rodata.hardware_alarm_set_target.str1.4
                0x100053c8       0x63 CMakeFiles/robot.dir/home/juan/pico/pico-sdk/src/rp2_common/hardware_timer/timer.c.obj
 *fill*         0x1000542b        0x1 
 .rodata.__func__.5775
                0x1000542c        0xc CMakeFiles/robot.dir/home/juan/pico/pico-sdk/src/common/pico_util/pheap.c.obj
 .rodata.__func__.5782
                0x10005438       0x12 CMakeFiles/robot.dir/home/juan/pico/pico-sdk/src/common/pico_util/pheap.c.obj
 *fill*         0x1000544a        0x2 
 .rodata.__func__.5868
                0x1000544c       0x13 CMakeFiles/robot.dir/home/juan/pico/pico-sdk/src/common/pico_util/pheap.c.obj
 *fill*         0x1000545f        0x1 
 .rodata.__func__.5886
                0x10005460       0x18 CMakeFiles/robot.dir/home/juan/pico/pico-sdk/src/common/pico_util/pheap.c.obj
 .rodata.ph_add_child_node.str1.4
                0x10005478       0x92 CMakeFiles/robot.dir/home/juan/pico/pico-sdk/src/common/pico_util/pheap.c.obj
 .rodata.ph_remove_and_free_node.str1.4
                0x10005478       0x1e CMakeFiles/robot.dir/home/juan/pico/pico-sdk/src/common/pico_util/pheap.c.obj
                                 0x26 (size before relaxing)
 *fill*         0x10005496        0x2 
 .rodata.ph_remove_any_head.str1.4
                0x10005498       0x8c CMakeFiles/robot.dir/home/juan/pico/pico-sdk/src/common/pico_util/pheap.c.obj
                                 0xa0 (size before relaxing)
 .rodata.__func__.4825
                0x10005524       0x10 CMakeFiles/robot.dir/home/juan/pico/pico-sdk/src/rp2_common/hardware_clocks/clocks.c.obj
 .rodata.clock_configure.str1.4
                0x10005534       0x55 CMakeFiles/robot.dir/home/juan/pico/pico-sdk/src/rp2_common/hardware_clocks/clocks.c.obj
 *fill*         0x10005589        0x3 
 .rodata.__func__.4482
                0x1000558c        0x9 CMakeFiles/robot.dir/home/juan/pico/pico-sdk/src/rp2_common/hardware_pll/pll.c.obj
 *fill*         0x10005595        0x3 
 .rodata.pll_init.str1.4
                0x10005598      0x11f CMakeFiles/robot.dir/home/juan/pico/pico-sdk/src/rp2_common/hardware_pll/pll.c.obj
 *fill*         0x100056b7        0x1 
 .rodata.__assert_func.str1.4
                0x100056b8       0x3f CMakeFiles/robot.dir/home/juan/pico/pico-sdk/src/rp2_common/pico_runtime/runtime.c.obj
                                 0x43 (size before relaxing)
 *fill*         0x100056f7        0x1 
 .rodata.__func__.6435
                0x100056f8        0xd CMakeFiles/robot.dir/home/juan/pico/pico-sdk/src/rp2_common/pico_runtime/runtime.c.obj
 *fill*         0x10005705        0x3 
 .rodata.panic.str1.4
                0x10005708       0x12 CMakeFiles/robot.dir/home/juan/pico/pico-sdk/src/rp2_common/pico_runtime/runtime.c.obj
 *fill*         0x1000571a        0x2 
 .rodata.runtime_init.str1.4
                0x1000571c       0x5f CMakeFiles/robot.dir/home/juan/pico/pico-sdk/src/rp2_common/pico_runtime/runtime.c.obj
 *fill*         0x1000577b        0x1 
 .rodata._vsnprintf
                0x1000577c      0x1e0 CMakeFiles/robot.dir/home/juan/pico/pico-sdk/src/rp2_common/pico_printf/printf.c.obj
 .rodata._ftoa.str1.4
                0x1000595c       0x15 CMakeFiles/robot.dir/home/juan/pico/pico-sdk/src/rp2_common/pico_printf/printf.c.obj
 *fill*         0x10005971        0x7 
 .rodata.pow10.5489
                0x10005978       0x50 CMakeFiles/robot.dir/home/juan/pico/pico-sdk/src/rp2_common/pico_printf/printf.c.obj
 .rodata.__aeabi_double_init.str1.4
                0x100059c8       0xa6 CMakeFiles/robot.dir/home/juan/pico/pico-sdk/src/rp2_common/pico_double/double_init_rom.c.obj
 *fill*         0x10005a6e        0x2 
 .rodata.__func__.4786
                0x10005a70       0x14 CMakeFiles/robot.dir/home/juan/pico/pico-sdk/src/rp2_common/pico_double/double_init_rom.c.obj
 .rodata.__aeabi_float_init.str1.4
                0x10005a84       0x78 CMakeFiles/robot.dir/home/juan/pico/pico-sdk/src/rp2_common/pico_float/float_init_rom.c.obj
                                 0x7c (size before relaxing)
 .rodata.__func__.4787
                0x10005afc       0x13 CMakeFiles/robot.dir/home/juan/pico/pico-sdk/src/rp2_common/pico_float/float_init_rom.c.obj
 *fill*         0x10005b0f        0x1 
 .rodata.__bi_44
                0x10005b10        0xc CMakeFiles/robot.dir/home/juan/pico/pico-sdk/src/rp2_common/pico_standard_link/binary_info.c.obj
 .rodata.__bi_56
                0x10005b1c        0xc CMakeFiles/robot.dir/home/juan/pico/pico-sdk/src/rp2_common/pico_standard_link/binary_info.c.obj
 .rodata.__bi_75
                0x10005b28        0xc CMakeFiles/robot.dir/home/juan/pico/pico-sdk/src/rp2_common/pico_standard_link/binary_info.c.obj
 .rodata.__bi_81
                0x10005b34        0xc CMakeFiles/robot.dir/home/juan/pico/pico-sdk/src/rp2_common/pico_standard_link/binary_info.c.obj
 .rodata.str1.4
                0x10005b40       0x40 CMakeFiles/robot.dir/home/juan/pico/pico-sdk/src/rp2_common/pico_standard_link/binary_info.c.obj
 .rodata.__func__.5613
                0x10005b80       0x15 CMakeFiles/robot.dir/home/juan/pico/pico-sdk/src/rp2_common/pico_stdio/stdio.c.obj
 *fill*         0x10005b95        0x3 
 .rodata.crlf_str.6283
                0x10005b98        0x2 CMakeFiles/robot.dir/home/juan/pico/pico-sdk/src/rp2_common/pico_stdio/stdio.c.obj
 .rodata.stdout_serialize_begin.str1.4
                0x10005b9a       0x5f CMakeFiles/robot.dir/home/juan/pico/pico-sdk/src/rp2_common/pico_stdio/stdio.c.obj
 *fill*         0x10005b9a        0x2 
 .rodata.__bi_33.4932
                0x10005b9c        0xc CMakeFiles/robot.dir/home/juan/pico/pico-sdk/src/rp2_common/pico_stdio_uart/stdio_uart.c.obj
 .rodata.__bi_34.4936
                0x10005ba8        0x8 CMakeFiles/robot.dir/home/juan/pico/pico-sdk/src/rp2_common/pico_stdio_uart/stdio_uart.c.obj
 .rodata.str1.4
                0x10005bb0       0x2c CMakeFiles/robot.dir/home/juan/pico/pico-sdk/src/rp2_common/pico_stdio_uart/stdio_uart.c.obj
                0x10005bdc                . = ALIGN (0x4)
 *(SORT_BY_ALIGNMENT(SORT_BY_NAME(.flashdata*)))
                0x10005bdc                . = ALIGN (0x4)

.rel.dyn        0x10005bdc        0x0
 .rel.iplt      0x10005bdc        0x0 /usr/lib/gcc/arm-none-eabi/8.3.1/thumb/v6-m/nofp/crtbegin.o

.ARM.extab
 *(.ARM.extab* .gnu.linkonce.armextab.*)
                0x10005bdc                __exidx_start = .

.ARM.exidx
 *(.ARM.exidx* .gnu.linkonce.armexidx.*)
                0x10005bdc                __exidx_end = .
                0x10005bdc                . = ALIGN (0x4)
                0x10005bdc                __binary_info_start = .

.binary_info    0x10005bdc       0x28
 *(.binary_info.keep.*)
 .binary_info.keep.__bi_ptr22
                0x10005bdc        0x4 CMakeFiles/robot.dir/home/juan/pico/pico-sdk/src/rp2_common/pico_standard_link/binary_info.c.obj
 .binary_info.keep.__bi_ptr30
                0x10005be0        0x4 CMakeFiles/robot.dir/home/juan/pico/pico-sdk/src/rp2_common/pico_standard_link/binary_info.c.obj
 .binary_info.keep.__bi_ptr38
                0x10005be4        0x4 CMakeFiles/robot.dir/home/juan/pico/pico-sdk/src/rp2_common/pico_standard_link/binary_info.c.obj
 .binary_info.keep.__bi_ptr44
                0x10005be8        0x4 CMakeFiles/robot.dir/home/juan/pico/pico-sdk/src/rp2_common/pico_standard_link/binary_info.c.obj
 .binary_info.keep.__bi_ptr50
                0x10005bec        0x4 CMakeFiles/robot.dir/home/juan/pico/pico-sdk/src/rp2_common/pico_standard_link/binary_info.c.obj
 .binary_info.keep.__bi_ptr56
                0x10005bf0        0x4 CMakeFiles/robot.dir/home/juan/pico/pico-sdk/src/rp2_common/pico_standard_link/binary_info.c.obj
 .binary_info.keep.__bi_ptr75
                0x10005bf4        0x4 CMakeFiles/robot.dir/home/juan/pico/pico-sdk/src/rp2_common/pico_standard_link/binary_info.c.obj
 .binary_info.keep.__bi_ptr81
                0x10005bf8        0x4 CMakeFiles/robot.dir/home/juan/pico/pico-sdk/src/rp2_common/pico_standard_link/binary_info.c.obj
 *(.binary_info.*)
 .binary_info.__bi_ptr33
                0x10005bfc        0x4 CMakeFiles/robot.dir/home/juan/pico/pico-sdk/src/rp2_common/pico_stdio_uart/stdio_uart.c.obj
 .binary_info.__bi_ptr34
                0x10005c00        0x4 CMakeFiles/robot.dir/home/juan/pico/pico-sdk/src/rp2_common/pico_stdio_uart/stdio_uart.c.obj
                0x10005c04                __binary_info_end = .
                0x10005c04                . = ALIGN (0x4)
                0x10005c04                __etext = .

.ram_vector_table
                0x20000000       0xc0
 *(.ram_vector_table)
 .ram_vector_table
                0x20000000       0xc0 CMakeFiles/robot.dir/home/juan/pico/pico-sdk/src/rp2_common/pico_runtime/runtime.c.obj
                0x20000000                ram_vector_table

.data           0x200000c0      0x244 load address 0x10005c04
                0x200000c0                __data_start__ = .
 *(vtable)
 *(.time_critical*)
 .time_critical.mutex_try_enter
                0x200000c0       0x48 CMakeFiles/robot.dir/home/juan/pico/pico-sdk/src/common/pico_sync/mutex.c.obj
                0x200000c0                mutex_try_enter
 .time_critical.mutex_enter_block_until
                0x20000108       0x7c CMakeFiles/robot.dir/home/juan/pico/pico-sdk/src/common/pico_sync/mutex.c.obj
                0x20000108                mutex_enter_block_until
 .time_critical.mutex_try_enter_block_until
                0x20000184       0x34 CMakeFiles/robot.dir/home/juan/pico/pico-sdk/src/common/pico_sync/mutex.c.obj
                0x20000184                mutex_try_enter_block_until
 .time_critical.mutex_exit
                0x200001b8       0x4c CMakeFiles/robot.dir/home/juan/pico/pico-sdk/src/common/pico_sync/mutex.c.obj
                0x200001b8                mutex_exit
 *(.text*)
 .text          0x20000204        0x4 /usr/lib/gcc/arm-none-eabi/8.3.1/thumb/v6-m/nofp/libgcc.a(_dvmd_tls.o)
                0x20000204                __aeabi_ldiv0
                0x20000204                __aeabi_idiv0
 .text.__stub   0x20000208       0x20 linker stubs
                0x20000228                . = ALIGN (0x4)
 *(.rodata*)
                0x20000228                . = ALIGN (0x4)
 *(.data*)
 .data.motor_derecho
                0x20000228        0x3 CMakeFiles/robot.dir/robot.c.obj
                0x20000228                motor_derecho
 *fill*         0x2000022b        0x1 
 .data.motor_izquierdo
                0x2000022c        0x3 CMakeFiles/robot.dir/robot.c.obj
                0x2000022c                motor_izquierdo
 *fill*         0x2000022f        0x1 
 .data.ultrasonico
                0x20000230        0x2 CMakeFiles/robot.dir/robot.c.obj
                0x20000230                ultrasonico
 .data.striped_spin_lock_num
                0x20000232        0x1 CMakeFiles/robot.dir/home/juan/pico/pico-sdk/src/rp2_common/hardware_sync/sync.c.obj
 *fill*         0x20000233        0x1 
 .data          0x20000234       0x48 CMakeFiles/robot.dir/home/juan/pico/pico-sdk/src/rp2_common/hardware_irq/irq_handler_chain.S.obj
                0x20000234                irq_handler_chain_slots
                0x20000264                irq_handler_chain_first_slot
                0x2000026e                irq_handler_chain_remove_tail
 .data.default_alarm_pool
                0x2000027c       0x18 CMakeFiles/robot.dir/home/juan/pico/pico-sdk/src/common/pico_time/time.c.obj
 .data.default_alarm_pool_heap
                0x20000294       0x10 CMakeFiles/robot.dir/home/juan/pico/pico-sdk/src/common/pico_time/time.c.obj
 *fill*         0x200002a4        0xc 
 .data.aeabi_bits_funcs
                0x200002b0       0x10 CMakeFiles/robot.dir/home/juan/pico/pico-sdk/src/rp2_common/pico_bit_ops/bit_ops_aeabi.S.obj
                0x200002b0                aeabi_bits_funcs
                0x200002c0                aeabi_bits_funcs_end
 .data.aeabi_mem_funcs
                0x200002c0       0x10 CMakeFiles/robot.dir/home/juan/pico/pico-sdk/src/rp2_common/pico_mem_ops/mem_ops_aeabi.S.obj
                0x200002c0                aeabi_mem_funcs
                0x200002d0                aeabi_mem_funcs_end
 .data.stdio_uart
                0x200002d0       0x18 CMakeFiles/robot.dir/home/juan/pico/pico-sdk/src/rp2_common/pico_stdio_uart/stdio_uart.c.obj
                0x200002d0                stdio_uart
                0x200002e8                . = ALIGN (0x4)
 *(.after_data.*)
                0x200002e8                . = ALIGN (0x4)
                0x200002e8                PROVIDE (__mutex_array_start = .)
 *(SORT_BY_NAME(.mutex_array.*))
 *(.mutex_array)
 .mutex_array   0x200002e8        0x8 CMakeFiles/robot.dir/home/juan/pico/pico-sdk/src/rp2_common/pico_stdio/stdio.c.obj
                0x200002f0                PROVIDE (__mutex_array_end = .)
                0x200002f0                . = ALIGN (0x4)
                0x200002f0                PROVIDE (__preinit_array_start = .)
 *(SORT_BY_NAME(.preinit_array.*))
 .preinit_array.00001
                0x200002f0        0x4 CMakeFiles/robot.dir/home/juan/pico/pico-sdk/src/rp2_common/pico_mem_ops/mem_ops_aeabi.S.obj
 .preinit_array.00010
                0x200002f4        0x4 CMakeFiles/robot.dir/home/juan/pico/pico-sdk/src/rp2_common/pico_bit_ops/bit_ops_aeabi.S.obj
 .preinit_array.00020
                0x200002f8        0x4 CMakeFiles/robot.dir/home/juan/pico/pico-sdk/src/rp2_common/pico_double/double_aeabi.S.obj
 .preinit_array.00020
                0x200002fc        0x4 CMakeFiles/robot.dir/home/juan/pico/pico-sdk/src/rp2_common/pico_float/float_aeabi.S.obj
 *(.preinit_array)
                0x20000300                PROVIDE (__preinit_array_end = .)
                0x20000300                . = ALIGN (0x4)
                0x20000300                PROVIDE (__init_array_start = .)
 *(SORT_BY_NAME(.init_array.*))
 *(.init_array)
 .init_array    0x20000300        0x4 /usr/lib/gcc/arm-none-eabi/8.3.1/thumb/v6-m/nofp/crtbegin.o
                0x20000304                PROVIDE (__init_array_end = .)
                0x20000304                . = ALIGN (0x4)
                0x20000304                PROVIDE (__fini_array_start = .)
 *(SORT_BY_NAME(.fini_array.*))
 *(.fini_array)
                0x20000304                PROVIDE (__fini_array_end = .)
 *(.jcr)
                0x20000304                . = ALIGN (0x4)
                0x20000304                __data_end__ = .

.tm_clone_table
                0x20000304        0x0 load address 0x10005e48
 .tm_clone_table
                0x20000304        0x0 /usr/lib/gcc/arm-none-eabi/8.3.1/thumb/v6-m/nofp/crtbegin.o
 .tm_clone_table
                0x20000304        0x0 /usr/lib/gcc/arm-none-eabi/8.3.1/thumb/v6-m/nofp/crtend.o

.igot.plt       0x20000304        0x0 load address 0x10005e48
 .igot.plt      0x20000304        0x0 /usr/lib/gcc/arm-none-eabi/8.3.1/thumb/v6-m/nofp/crtbegin.o

.uninitialized_data
                0x20000304        0x0 load address 0x10005e48
                0x20000304                . = ALIGN (0x4)
 *(.uninitialized_data*)

.scratch_x      0x20040000        0x0 load address 0x10005e48
                0x20040000                __scratch_x_start__ = .
 *(.scratch_x.*)
                0x20040000                . = ALIGN (0x4)
                0x20040000                __scratch_x_end__ = .
                0x10005e48                __scratch_x_source__ = LOADADDR (.scratch_x)

.scratch_y      0x20041000        0x0 load address 0x10005e48
                0x20041000                __scratch_y_start__ = .
 *(.scratch_y.*)
                0x20041000                . = ALIGN (0x4)
                0x20041000                __scratch_y_end__ = .
                0x10005e48                __scratch_y_source__ = LOADADDR (.scratch_y)

.bss            0x20000308      0x3d8
                0x20000308                . = ALIGN (0x4)
                0x20000308                __bss_start__ = .
 *(SORT_BY_ALIGNMENT(SORT_BY_NAME(.bss*)))
 .bss.default_alarm_pool_entries
                0x20000308      0x100 CMakeFiles/robot.dir/home/juan/pico/pico-sdk/src/common/pico_time/time.c.obj
 .bss           0x20000408       0x1c /usr/lib/gcc/arm-none-eabi/8.3.1/thumb/v6-m/nofp/crtbegin.o
 .bss.alarm_callbacks
                0x20000424       0x10 CMakeFiles/robot.dir/home/juan/pico/pico-sdk/src/rp2_common/hardware_timer/timer.c.obj
 .bss.chars_available_callback
                0x20000434        0x4 CMakeFiles/robot.dir/home/juan/pico/pico-sdk/src/rp2_common/pico_stdio_uart/stdio_uart.c.obj
 .bss.chars_available_param
                0x20000438        0x4 CMakeFiles/robot.dir/home/juan/pico/pico-sdk/src/rp2_common/pico_stdio_uart/stdio_uart.c.obj
 .bss.configured_freq
                0x2000043c       0x28 CMakeFiles/robot.dir/home/juan/pico/pico-sdk/src/rp2_common/hardware_clocks/clocks.c.obj
 .bss.default_alarm_pool_entry_ids_high
                0x20000464       0x10 CMakeFiles/robot.dir/home/juan/pico/pico-sdk/src/common/pico_time/time.c.obj
 .bss.default_alarm_pool_heap_nodes
                0x20000474       0x30 CMakeFiles/robot.dir/home/juan/pico/pico-sdk/src/common/pico_time/time.c.obj
 .bss.drivers   0x200004a4        0x4 CMakeFiles/robot.dir/home/juan/pico/pico-sdk/src/rp2_common/pico_stdio/stdio.c.obj
 .bss.filter    0x200004a8        0x4 CMakeFiles/robot.dir/home/juan/pico/pico-sdk/src/rp2_common/pico_stdio/stdio.c.obj
 .bss.pools     0x200004ac       0x10 CMakeFiles/robot.dir/home/juan/pico/pico-sdk/src/common/pico_time/time.c.obj
 .bss.sf_clz_func
                0x200004bc        0x4 CMakeFiles/robot.dir/home/juan/pico/pico-sdk/src/rp2_common/pico_double/double_init_rom.c.obj
                0x200004bc                sf_clz_func
 .bss.sleep_notifier
                0x200004c0        0x4 CMakeFiles/robot.dir/home/juan/pico/pico-sdk/src/common/pico_time/time.c.obj
 .bss.target_hi
                0x200004c4       0x10 CMakeFiles/robot.dir/home/juan/pico/pico-sdk/src/rp2_common/hardware_timer/timer.c.obj
 .bss.uart_instance
                0x200004d4        0x4 CMakeFiles/robot.dir/home/juan/pico/pico-sdk/src/rp2_common/pico_stdio_uart/stdio_uart.c.obj
 .bss.claimed   0x200004d8        0x1 CMakeFiles/robot.dir/home/juan/pico/pico-sdk/src/rp2_common/hardware_timer/timer.c.obj
 .bss.irq_hander_chain_free_slot_head
                0x200004d9        0x1 CMakeFiles/robot.dir/home/juan/pico/pico-sdk/src/rp2_common/hardware_irq/irq.c.obj
 .bss.timer_callbacks_pending
                0x200004da        0x1 CMakeFiles/robot.dir/home/juan/pico/pico-sdk/src/rp2_common/hardware_timer/timer.c.obj
 *(COMMON)
 *fill*         0x200004db        0x1 
 COMMON         0x200004dc        0x4 CMakeFiles/robot.dir/home/juan/pico/pico-sdk/src/rp2_common/hardware_uart/uart.c.obj
                0x200004dc                uart_char_to_line_feed
 COMMON         0x200004e0      0x100 CMakeFiles/robot.dir/home/juan/pico/pico-sdk/src/rp2_common/pico_double/double_init_rom.c.obj
                0x200004e0                sd_table
 COMMON         0x200005e0      0x100 CMakeFiles/robot.dir/home/juan/pico/pico-sdk/src/rp2_common/pico_float/float_init_rom.c.obj
                0x200005e0                sf_table
                0x200006e0                . = ALIGN (0x4)
                0x200006e0                __bss_end__ = .

.heap           0x200006e0      0x800
                0x200006e0                __end__ = .
                0x200006e0                end = __end__
 *(.heap*)
 .heap          0x200006e0      0x800 CMakeFiles/robot.dir/home/juan/pico/pico-sdk/src/rp2_common/pico_standard_link/crt0.S.obj
                0x20000ee0                __HeapLimit = .

.stack1_dummy   0x20040000        0x0
 *(.stack1*)

.stack_dummy    0x20041000      0x800
 *(.stack*)
 .stack         0x20041000      0x800 CMakeFiles/robot.dir/home/juan/pico/pico-sdk/src/rp2_common/pico_standard_link/crt0.S.obj

.flash_end      0x10005e48        0x0
                0x10005e48                __flash_binary_end = .
                0x20040000                __StackLimit = (ORIGIN (RAM) + LENGTH (RAM))
                0x20041000                __StackOneTop = (ORIGIN (SCRATCH_X) + LENGTH (SCRATCH_X))
                0x20042000                __StackTop = (ORIGIN (SCRATCH_Y) + LENGTH (SCRATCH_Y))
                0x20041000                __StackOneBottom = (__StackOneTop - SIZEOF (.stack1_dummy))
                0x20041800                __StackBottom = (__StackTop - SIZEOF (.stack_dummy))
                0x20042000                PROVIDE (__stack = __StackTop)
                0x00000001                ASSERT ((__StackLimit >= __HeapLimit), region RAM overflowed)
                0x00000001                ASSERT (((__binary_info_header_end - __logical_binary_start) <= 0x100), Binary info must be in first 256 bytes of the binary)
LOAD CMakeFiles/robot.dir/robot.c.obj
LOAD CMakeFiles/robot.dir/home/juan/pico/pico-sdk/src/rp2_common/pico_stdlib/stdlib.c.obj
LOAD CMakeFiles/robot.dir/home/juan/pico/pico-sdk/src/rp2_common/hardware_gpio/gpio.c.obj
LOAD CMakeFiles/robot.dir/home/juan/pico/pico-sdk/src/rp2_common/pico_platform/platform.c.obj
LOAD CMakeFiles/robot.dir/home/juan/pico/pico-sdk/src/rp2_common/hardware_claim/claim.c.obj
LOAD CMakeFiles/robot.dir/home/juan/pico/pico-sdk/src/rp2_common/hardware_sync/sync.c.obj
LOAD CMakeFiles/robot.dir/home/juan/pico/pico-sdk/src/rp2_common/hardware_irq/irq.c.obj
LOAD CMakeFiles/robot.dir/home/juan/pico/pico-sdk/src/rp2_common/hardware_irq/irq_handler_chain.S.obj
LOAD CMakeFiles/robot.dir/home/juan/pico/pico-sdk/src/common/pico_sync/sem.c.obj
LOAD CMakeFiles/robot.dir/home/juan/pico/pico-sdk/src/common/pico_sync/lock_core.c.obj
LOAD CMakeFiles/robot.dir/home/juan/pico/pico-sdk/src/common/pico_sync/mutex.c.obj
LOAD CMakeFiles/robot.dir/home/juan/pico/pico-sdk/src/common/pico_sync/critical_section.c.obj
LOAD CMakeFiles/robot.dir/home/juan/pico/pico-sdk/src/common/pico_time/time.c.obj
LOAD CMakeFiles/robot.dir/home/juan/pico/pico-sdk/src/common/pico_time/timeout_helper.c.obj
LOAD CMakeFiles/robot.dir/home/juan/pico/pico-sdk/src/rp2_common/hardware_timer/timer.c.obj
LOAD CMakeFiles/robot.dir/home/juan/pico/pico-sdk/src/common/pico_util/datetime.c.obj
LOAD CMakeFiles/robot.dir/home/juan/pico/pico-sdk/src/common/pico_util/pheap.c.obj
LOAD CMakeFiles/robot.dir/home/juan/pico/pico-sdk/src/common/pico_util/queue.c.obj
LOAD CMakeFiles/robot.dir/home/juan/pico/pico-sdk/src/rp2_common/hardware_uart/uart.c.obj
LOAD CMakeFiles/robot.dir/home/juan/pico/pico-sdk/src/rp2_common/hardware_clocks/clocks.c.obj
LOAD CMakeFiles/robot.dir/home/juan/pico/pico-sdk/src/rp2_common/hardware_pll/pll.c.obj
LOAD CMakeFiles/robot.dir/home/juan/pico/pico-sdk/src/rp2_common/hardware_vreg/vreg.c.obj
LOAD CMakeFiles/robot.dir/home/juan/pico/pico-sdk/src/rp2_common/hardware_watchdog/watchdog.c.obj
LOAD CMakeFiles/robot.dir/home/juan/pico/pico-sdk/src/rp2_common/hardware_xosc/xosc.c.obj
LOAD CMakeFiles/robot.dir/home/juan/pico/pico-sdk/src/rp2_common/hardware_divider/divider.S.obj
LOAD CMakeFiles/robot.dir/home/juan/pico/pico-sdk/src/rp2_common/pico_runtime/runtime.c.obj
LOAD CMakeFiles/robot.dir/home/juan/pico/pico-sdk/src/rp2_common/pico_printf/printf.c.obj
LOAD CMakeFiles/robot.dir/home/juan/pico/pico-sdk/src/rp2_common/pico_bit_ops/bit_ops_aeabi.S.obj
LOAD CMakeFiles/robot.dir/home/juan/pico/pico-sdk/src/rp2_common/pico_bootrom/bootrom.c.obj
LOAD CMakeFiles/robot.dir/home/juan/pico/pico-sdk/src/rp2_common/pico_divider/divider.S.obj
LOAD CMakeFiles/robot.dir/home/juan/pico/pico-sdk/src/rp2_common/pico_double/double_aeabi.S.obj
LOAD CMakeFiles/robot.dir/home/juan/pico/pico-sdk/src/rp2_common/pico_double/double_init_rom.c.obj
LOAD CMakeFiles/robot.dir/home/juan/pico/pico-sdk/src/rp2_common/pico_double/double_math.c.obj
LOAD CMakeFiles/robot.dir/home/juan/pico/pico-sdk/src/rp2_common/pico_double/double_v1_rom_shim.S.obj
LOAD CMakeFiles/robot.dir/home/juan/pico/pico-sdk/src/rp2_common/pico_int64_ops/pico_int64_ops_aeabi.S.obj
LOAD CMakeFiles/robot.dir/home/juan/pico/pico-sdk/src/rp2_common/pico_float/float_aeabi.S.obj
LOAD CMakeFiles/robot.dir/home/juan/pico/pico-sdk/src/rp2_common/pico_float/float_init_rom.c.obj
LOAD CMakeFiles/robot.dir/home/juan/pico/pico-sdk/src/rp2_common/pico_float/float_math.c.obj
LOAD CMakeFiles/robot.dir/home/juan/pico/pico-sdk/src/rp2_common/pico_float/float_v1_rom_shim.S.obj
LOAD CMakeFiles/robot.dir/home/juan/pico/pico-sdk/src/rp2_common/pico_malloc/pico_malloc.c.obj
LOAD CMakeFiles/robot.dir/home/juan/pico/pico-sdk/src/rp2_common/pico_mem_ops/mem_ops_aeabi.S.obj
LOAD CMakeFiles/robot.dir/home/juan/pico/pico-sdk/src/rp2_common/pico_standard_link/crt0.S.obj
LOAD CMakeFiles/robot.dir/home/juan/pico/pico-sdk/src/rp2_common/pico_standard_link/new_delete.cpp.obj
LOAD CMakeFiles/robot.dir/home/juan/pico/pico-sdk/src/rp2_common/pico_standard_link/binary_info.c.obj
LOAD CMakeFiles/robot.dir/home/juan/pico/pico-sdk/src/rp2_common/pico_stdio/stdio.c.obj
LOAD CMakeFiles/robot.dir/home/juan/pico/pico-sdk/src/rp2_common/pico_stdio_uart/stdio_uart.c.obj
LOAD CMakeFiles/robot.dir/home/juan/pico/pico-sdk/src/rp2_common/hardware_adc/adc.c.obj
LOAD liblibs.a
LOAD /tmp/ccIwsbYY.o
LOAD /usr/lib/gcc/arm-none-eabi/8.3.1/../../../arm-none-eabi/lib/thumb/v6-m/nofp/libstdc++.a
LOAD /usr/lib/gcc/arm-none-eabi/8.3.1/../../../arm-none-eabi/lib/thumb/v6-m/nofp/libm.a
START GROUP
LOAD /usr/lib/gcc/arm-none-eabi/8.3.1/thumb/v6-m/nofp/libgcc.a
LOAD /usr/lib/gcc/arm-none-eabi/8.3.1/../../../arm-none-eabi/lib/thumb/v6-m/nofp/libg.a
LOAD /usr/lib/gcc/arm-none-eabi/8.3.1/../../../arm-none-eabi/lib/thumb/v6-m/nofp/libc.a
END GROUP
START GROUP
LOAD /usr/lib/gcc/arm-none-eabi/8.3.1/thumb/v6-m/nofp/libgcc.a
LOAD /usr/lib/gcc/arm-none-eabi/8.3.1/../../../arm-none-eabi/lib/thumb/v6-m/nofp/libc.a
LOAD /usr/lib/gcc/arm-none-eabi/8.3.1/../../../arm-none-eabi/lib/thumb/v6-m/nofp/libnosys.a
END GROUP
LOAD /usr/lib/gcc/arm-none-eabi/8.3.1/thumb/v6-m/nofp/crtend.o
LOAD /usr/lib/gcc/arm-none-eabi/8.3.1/thumb/v6-m/nofp/crtn.o
OUTPUT(robot.elf elf32-littlearm)
LOAD linker stubs

.ARM.attributes
                0x00000000       0x28
 .ARM.attributes
                0x00000000       0x1e /usr/lib/gcc/arm-none-eabi/8.3.1/thumb/v6-m/nofp/crti.o
 .ARM.attributes
                0x0000001e       0x2c /usr/lib/gcc/arm-none-eabi/8.3.1/thumb/v6-m/nofp/crtbegin.o
 .ARM.attributes
                0x0000004a       0x2c CMakeFiles/robot.dir/robot.c.obj
 .ARM.attributes
                0x00000076       0x2c CMakeFiles/robot.dir/home/juan/pico/pico-sdk/src/rp2_common/hardware_gpio/gpio.c.obj
 .ARM.attributes
                0x000000a2       0x2c CMakeFiles/robot.dir/home/juan/pico/pico-sdk/src/rp2_common/pico_platform/platform.c.obj
 .ARM.attributes
                0x000000ce       0x2c CMakeFiles/robot.dir/home/juan/pico/pico-sdk/src/rp2_common/hardware_claim/claim.c.obj
 .ARM.attributes
                0x000000fa       0x2c CMakeFiles/robot.dir/home/juan/pico/pico-sdk/src/rp2_common/hardware_sync/sync.c.obj
 .ARM.attributes
                0x00000126       0x2c CMakeFiles/robot.dir/home/juan/pico/pico-sdk/src/rp2_common/hardware_irq/irq.c.obj
 .ARM.attributes
                0x00000152       0x22 CMakeFiles/robot.dir/home/juan/pico/pico-sdk/src/rp2_common/hardware_irq/irq_handler_chain.S.obj
 .ARM.attributes
                0x00000174       0x2c CMakeFiles/robot.dir/home/juan/pico/pico-sdk/src/common/pico_sync/lock_core.c.obj
 .ARM.attributes
                0x000001a0       0x2c CMakeFiles/robot.dir/home/juan/pico/pico-sdk/src/common/pico_sync/mutex.c.obj
 .ARM.attributes
                0x000001cc       0x2c CMakeFiles/robot.dir/home/juan/pico/pico-sdk/src/common/pico_time/time.c.obj
 .ARM.attributes
                0x000001f8       0x2c CMakeFiles/robot.dir/home/juan/pico/pico-sdk/src/rp2_common/hardware_timer/timer.c.obj
 .ARM.attributes
                0x00000224       0x2c CMakeFiles/robot.dir/home/juan/pico/pico-sdk/src/common/pico_util/pheap.c.obj
 .ARM.attributes
                0x00000250       0x2c CMakeFiles/robot.dir/home/juan/pico/pico-sdk/src/rp2_common/hardware_uart/uart.c.obj
 .ARM.attributes
                0x0000027c       0x2c CMakeFiles/robot.dir/home/juan/pico/pico-sdk/src/rp2_common/hardware_clocks/clocks.c.obj
 .ARM.attributes
                0x000002a8       0x2c CMakeFiles/robot.dir/home/juan/pico/pico-sdk/src/rp2_common/hardware_pll/pll.c.obj
 .ARM.attributes
                0x000002d4       0x2c CMakeFiles/robot.dir/home/juan/pico/pico-sdk/src/rp2_common/hardware_watchdog/watchdog.c.obj
 .ARM.attributes
                0x00000300       0x2c CMakeFiles/robot.dir/home/juan/pico/pico-sdk/src/rp2_common/hardware_xosc/xosc.c.obj
 .ARM.attributes
                0x0000032c       0x2c CMakeFiles/robot.dir/home/juan/pico/pico-sdk/src/rp2_common/pico_runtime/runtime.c.obj
 .ARM.attributes
                0x00000358       0x2c CMakeFiles/robot.dir/home/juan/pico/pico-sdk/src/rp2_common/pico_printf/printf.c.obj
 .ARM.attributes
                0x00000384       0x22 CMakeFiles/robot.dir/home/juan/pico/pico-sdk/src/rp2_common/pico_bit_ops/bit_ops_aeabi.S.obj
 .ARM.attributes
                0x000003a6       0x2c CMakeFiles/robot.dir/home/juan/pico/pico-sdk/src/rp2_common/pico_bootrom/bootrom.c.obj
 .ARM.attributes
                0x000003d2       0x22 CMakeFiles/robot.dir/home/juan/pico/pico-sdk/src/rp2_common/pico_divider/divider.S.obj
 .ARM.attributes
                0x000003f4       0x22 CMakeFiles/robot.dir/home/juan/pico/pico-sdk/src/rp2_common/pico_double/double_aeabi.S.obj
 .ARM.attributes
                0x00000416       0x2c CMakeFiles/robot.dir/home/juan/pico/pico-sdk/src/rp2_common/pico_double/double_init_rom.c.obj
 .ARM.attributes
                0x00000442       0x22 CMakeFiles/robot.dir/home/juan/pico/pico-sdk/src/rp2_common/pico_double/double_v1_rom_shim.S.obj
 .ARM.attributes
                0x00000464       0x22 CMakeFiles/robot.dir/home/juan/pico/pico-sdk/src/rp2_common/pico_int64_ops/pico_int64_ops_aeabi.S.obj
 .ARM.attributes
                0x00000486       0x22 CMakeFiles/robot.dir/home/juan/pico/pico-sdk/src/rp2_common/pico_float/float_aeabi.S.obj
 .ARM.attributes
                0x000004a8       0x2c CMakeFiles/robot.dir/home/juan/pico/pico-sdk/src/rp2_common/pico_float/float_init_rom.c.obj
 .ARM.attributes
                0x000004d4       0x22 CMakeFiles/robot.dir/home/juan/pico/pico-sdk/src/rp2_common/pico_float/float_v1_rom_shim.S.obj
 .ARM.attributes
                0x000004f6       0x22 CMakeFiles/robot.dir/home/juan/pico/pico-sdk/src/rp2_common/pico_mem_ops/mem_ops_aeabi.S.obj
 .ARM.attributes
                0x00000518       0x22 CMakeFiles/robot.dir/home/juan/pico/pico-sdk/src/rp2_common/pico_standard_link/crt0.S.obj
 .ARM.attributes
                0x0000053a       0x32 CMakeFiles/robot.dir/home/juan/pico/pico-sdk/src/rp2_common/pico_standard_link/binary_info.c.obj
 .ARM.attributes
                0x0000056c       0x2c CMakeFiles/robot.dir/home/juan/pico/pico-sdk/src/rp2_common/pico_stdio/stdio.c.obj
 .ARM.attributes
                0x00000598       0x2c CMakeFiles/robot.dir/home/juan/pico/pico-sdk/src/rp2_common/pico_stdio_uart/stdio_uart.c.obj
 .ARM.attributes
                0x000005c4       0x2c CMakeFiles/robot.dir/home/juan/pico/pico-sdk/src/rp2_common/hardware_adc/adc.c.obj
 .ARM.attributes
                0x000005f0       0x2c liblibs.a(ultrasonico.c.obj)
 .ARM.attributes
                0x0000061c       0x2c liblibs.a(l298.c.obj)
 .ARM.attributes
                0x00000648       0x2c liblibs.a(bt.c.obj)
 .ARM.attributes
                0x00000674       0x2c liblibs.a(actuadores.c.obj)
 .ARM.attributes
                0x000006a0       0x2c liblibs.a(infrarrojo.c.obj)
 .ARM.attributes
                0x000006cc       0x22 /tmp/ccIwsbYY.o
 .ARM.attributes
                0x000006ee       0x1e /usr/lib/gcc/arm-none-eabi/8.3.1/thumb/v6-m/nofp/libgcc.a(_dvmd_tls.o)
 .ARM.attributes
                0x0000070c       0x2c /usr/lib/gcc/arm-none-eabi/8.3.1/../../../arm-none-eabi/lib/thumb/v6-m/nofp/libg.a(lib_a-strlen-stub.o)
 .ARM.attributes
                0x00000738       0x2c /usr/lib/gcc/arm-none-eabi/8.3.1/thumb/v6-m/nofp/crtend.o

.comment        0x00000000       0x9f
 .comment       0x00000000       0x51 /usr/lib/gcc/arm-none-eabi/8.3.1/thumb/v6-m/nofp/crtbegin.o
                                 0x52 (size before relaxing)
 .comment       0x00000051       0x52 CMakeFiles/robot.dir/robot.c.obj
 .comment       0x00000051       0x52 CMakeFiles/robot.dir/home/juan/pico/pico-sdk/src/rp2_common/hardware_gpio/gpio.c.obj
 .comment       0x00000051       0x52 CMakeFiles/robot.dir/home/juan/pico/pico-sdk/src/rp2_common/pico_platform/platform.c.obj
 .comment       0x00000051       0x52 CMakeFiles/robot.dir/home/juan/pico/pico-sdk/src/rp2_common/hardware_claim/claim.c.obj
 .comment       0x00000051       0x52 CMakeFiles/robot.dir/home/juan/pico/pico-sdk/src/rp2_common/hardware_sync/sync.c.obj
 .comment       0x00000051       0x52 CMakeFiles/robot.dir/home/juan/pico/pico-sdk/src/rp2_common/hardware_irq/irq.c.obj
 .comment       0x00000051       0x52 CMakeFiles/robot.dir/home/juan/pico/pico-sdk/src/common/pico_sync/lock_core.c.obj
 .comment       0x00000051       0x52 CMakeFiles/robot.dir/home/juan/pico/pico-sdk/src/common/pico_sync/mutex.c.obj
 .comment       0x00000051       0x52 CMakeFiles/robot.dir/home/juan/pico/pico-sdk/src/common/pico_time/time.c.obj
 .comment       0x00000051       0x52 CMakeFiles/robot.dir/home/juan/pico/pico-sdk/src/rp2_common/hardware_timer/timer.c.obj
 .comment       0x00000051       0x52 CMakeFiles/robot.dir/home/juan/pico/pico-sdk/src/common/pico_util/pheap.c.obj
 .comment       0x00000051       0x52 CMakeFiles/robot.dir/home/juan/pico/pico-sdk/src/rp2_common/hardware_uart/uart.c.obj
 .comment       0x00000051       0x52 CMakeFiles/robot.dir/home/juan/pico/pico-sdk/src/rp2_common/hardware_clocks/clocks.c.obj
 .comment       0x00000051       0x52 CMakeFiles/robot.dir/home/juan/pico/pico-sdk/src/rp2_common/hardware_pll/pll.c.obj
 .comment       0x00000051       0x52 CMakeFiles/robot.dir/home/juan/pico/pico-sdk/src/rp2_common/hardware_watchdog/watchdog.c.obj
 .comment       0x00000051       0x52 CMakeFiles/robot.dir/home/juan/pico/pico-sdk/src/rp2_common/hardware_xosc/xosc.c.obj
 .comment       0x00000051       0x52 CMakeFiles/robot.dir/home/juan/pico/pico-sdk/src/rp2_common/pico_runtime/runtime.c.obj
 .comment       0x00000051       0x52 CMakeFiles/robot.dir/home/juan/pico/pico-sdk/src/rp2_common/pico_printf/printf.c.obj
 .comment       0x00000051       0x52 CMakeFiles/robot.dir/home/juan/pico/pico-sdk/src/rp2_common/pico_bootrom/bootrom.c.obj
 .comment       0x00000051       0x52 CMakeFiles/robot.dir/home/juan/pico/pico-sdk/src/rp2_common/pico_double/double_init_rom.c.obj
 .comment       0x00000051       0x52 CMakeFiles/robot.dir/home/juan/pico/pico-sdk/src/rp2_common/pico_float/float_init_rom.c.obj
 .comment       0x00000051       0x52 CMakeFiles/robot.dir/home/juan/pico/pico-sdk/src/rp2_common/pico_standard_link/binary_info.c.obj
 .comment       0x00000051       0x52 CMakeFiles/robot.dir/home/juan/pico/pico-sdk/src/rp2_common/pico_stdio/stdio.c.obj
 .comment       0x00000051       0x52 CMakeFiles/robot.dir/home/juan/pico/pico-sdk/src/rp2_common/pico_stdio_uart/stdio_uart.c.obj
 .comment       0x00000051       0x52 CMakeFiles/robot.dir/home/juan/pico/pico-sdk/src/rp2_common/hardware_adc/adc.c.obj
 .comment       0x00000051       0x52 liblibs.a(ultrasonico.c.obj)
 .comment       0x00000051       0x52 liblibs.a(l298.c.obj)
 .comment       0x00000051       0x52 liblibs.a(bt.c.obj)
 .comment       0x00000051       0x52 liblibs.a(actuadores.c.obj)
 .comment       0x00000051       0x52 liblibs.a(infrarrojo.c.obj)
 .comment       0x00000051       0x4e /usr/lib/gcc/arm-none-eabi/8.3.1/../../../arm-none-eabi/lib/thumb/v6-m/nofp/libg.a(lib_a-strlen-stub.o)
                                 0x4f (size before relaxing)
 .comment       0x0000009f       0x52 /usr/lib/gcc/arm-none-eabi/8.3.1/thumb/v6-m/nofp/crtend.o

.debug_info     0x00000000    0x1f6bf
 .debug_info    0x00000000     0x1758 CMakeFiles/robot.dir/robot.c.obj
 .debug_info    0x00001758     0x16a6 CMakeFiles/robot.dir/home/juan/pico/pico-sdk/src/rp2_common/hardware_gpio/gpio.c.obj
 .debug_info    0x00002dfe      0x1cb CMakeFiles/robot.dir/home/juan/pico/pico-sdk/src/rp2_common/pico_platform/platform.c.obj
 .debug_info    0x00002fc9      0x6a8 CMakeFiles/robot.dir/home/juan/pico/pico-sdk/src/rp2_common/hardware_claim/claim.c.obj
 .debug_info    0x00003671      0x591 CMakeFiles/robot.dir/home/juan/pico/pico-sdk/src/rp2_common/hardware_sync/sync.c.obj
 .debug_info    0x00003c02     0x1cf8 CMakeFiles/robot.dir/home/juan/pico/pico-sdk/src/rp2_common/hardware_irq/irq.c.obj
 .debug_info    0x000058fa       0x26 CMakeFiles/robot.dir/home/juan/pico/pico-sdk/src/rp2_common/hardware_irq/irq_handler_chain.S.obj
 .debug_info    0x00005920      0x1ed CMakeFiles/robot.dir/home/juan/pico/pico-sdk/src/common/pico_sync/lock_core.c.obj
 .debug_info    0x00005b0d     0x20e6 CMakeFiles/robot.dir/home/juan/pico/pico-sdk/src/common/pico_sync/mutex.c.obj
 .debug_info    0x00007bf3     0x493d CMakeFiles/robot.dir/home/juan/pico/pico-sdk/src/common/pico_time/time.c.obj
 .debug_info    0x0000c530     0x13aa CMakeFiles/robot.dir/home/juan/pico/pico-sdk/src/rp2_common/hardware_timer/timer.c.obj
 .debug_info    0x0000d8da     0x1ada CMakeFiles/robot.dir/home/juan/pico/pico-sdk/src/common/pico_util/pheap.c.obj
 .debug_info    0x0000f3b4      0xb37 CMakeFiles/robot.dir/home/juan/pico/pico-sdk/src/rp2_common/hardware_uart/uart.c.obj
 .debug_info    0x0000feeb      0xf07 CMakeFiles/robot.dir/home/juan/pico/pico-sdk/src/rp2_common/hardware_clocks/clocks.c.obj
 .debug_info    0x00010df2      0x4e8 CMakeFiles/robot.dir/home/juan/pico/pico-sdk/src/rp2_common/hardware_pll/pll.c.obj
 .debug_info    0x000112da      0xd7d CMakeFiles/robot.dir/home/juan/pico/pico-sdk/src/rp2_common/hardware_watchdog/watchdog.c.obj
 .debug_info    0x00012057      0x1b8 CMakeFiles/robot.dir/home/juan/pico/pico-sdk/src/rp2_common/hardware_xosc/xosc.c.obj
 .debug_info    0x0001220f     0x18fe CMakeFiles/robot.dir/home/juan/pico/pico-sdk/src/rp2_common/pico_runtime/runtime.c.obj
 .debug_info    0x00013b0d     0x2032 CMakeFiles/robot.dir/home/juan/pico/pico-sdk/src/rp2_common/pico_printf/printf.c.obj
 .debug_info    0x00015b3f       0x22 CMakeFiles/robot.dir/home/juan/pico/pico-sdk/src/rp2_common/pico_bit_ops/bit_ops_aeabi.S.obj
 .debug_info    0x00015b61      0x262 CMakeFiles/robot.dir/home/juan/pico/pico-sdk/src/rp2_common/pico_bootrom/bootrom.c.obj
 .debug_info    0x00015dc3       0x22 CMakeFiles/robot.dir/home/juan/pico/pico-sdk/src/rp2_common/pico_divider/divider.S.obj
 .debug_info    0x00015de5       0x22 CMakeFiles/robot.dir/home/juan/pico/pico-sdk/src/rp2_common/pico_double/double_aeabi.S.obj
 .debug_info    0x00015e07      0xb2a CMakeFiles/robot.dir/home/juan/pico/pico-sdk/src/rp2_common/pico_double/double_init_rom.c.obj
 .debug_info    0x00016931       0x22 CMakeFiles/robot.dir/home/juan/pico/pico-sdk/src/rp2_common/pico_double/double_v1_rom_shim.S.obj
 .debug_info    0x00016953       0x26 CMakeFiles/robot.dir/home/juan/pico/pico-sdk/src/rp2_common/pico_int64_ops/pico_int64_ops_aeabi.S.obj
 .debug_info    0x00016979       0x22 CMakeFiles/robot.dir/home/juan/pico/pico-sdk/src/rp2_common/pico_float/float_aeabi.S.obj
 .debug_info    0x0001699b      0xb44 CMakeFiles/robot.dir/home/juan/pico/pico-sdk/src/rp2_common/pico_float/float_init_rom.c.obj
 .debug_info    0x000174df       0x22 CMakeFiles/robot.dir/home/juan/pico/pico-sdk/src/rp2_common/pico_float/float_v1_rom_shim.S.obj
 .debug_info    0x00017501       0x22 CMakeFiles/robot.dir/home/juan/pico/pico-sdk/src/rp2_common/pico_mem_ops/mem_ops_aeabi.S.obj
 .debug_info    0x00017523       0x22 CMakeFiles/robot.dir/home/juan/pico/pico-sdk/src/rp2_common/pico_standard_link/crt0.S.obj
 .debug_info    0x00017545      0x2f7 CMakeFiles/robot.dir/home/juan/pico/pico-sdk/src/rp2_common/pico_standard_link/binary_info.c.obj
 .debug_info    0x0001783c     0x20d6 CMakeFiles/robot.dir/home/juan/pico/pico-sdk/src/rp2_common/pico_stdio/stdio.c.obj
 .debug_info    0x00019912     0x101a CMakeFiles/robot.dir/home/juan/pico/pico-sdk/src/rp2_common/pico_stdio_uart/stdio_uart.c.obj
 .debug_info    0x0001a92c      0x2b6 CMakeFiles/robot.dir/home/juan/pico/pico-sdk/src/rp2_common/hardware_adc/adc.c.obj
 .debug_info    0x0001abe2     0x1327 liblibs.a(ultrasonico.c.obj)
 .debug_info    0x0001bf09     0x1a97 liblibs.a(l298.c.obj)
 .debug_info    0x0001d9a0      0x317 liblibs.a(bt.c.obj)
 .debug_info    0x0001dcb7      0xb7e liblibs.a(actuadores.c.obj)
 .debug_info    0x0001e835      0x4f1 liblibs.a(infrarrojo.c.obj)
 .debug_info    0x0001ed26       0x26 /usr/lib/gcc/arm-none-eabi/8.3.1/thumb/v6-m/nofp/libgcc.a(_dvmd_tls.o)
 .debug_info    0x0001ed4c      0x973 /usr/lib/gcc/arm-none-eabi/8.3.1/../../../arm-none-eabi/lib/thumb/v6-m/nofp/libg.a(lib_a-strlen-stub.o)

.debug_abbrev   0x00000000     0x5db1
 .debug_abbrev  0x00000000      0x416 CMakeFiles/robot.dir/robot.c.obj
 .debug_abbrev  0x00000416      0x342 CMakeFiles/robot.dir/home/juan/pico/pico-sdk/src/rp2_common/hardware_gpio/gpio.c.obj
 .debug_abbrev  0x00000758       0xeb CMakeFiles/robot.dir/home/juan/pico/pico-sdk/src/rp2_common/pico_platform/platform.c.obj
 .debug_abbrev  0x00000843      0x2fb CMakeFiles/robot.dir/home/juan/pico/pico-sdk/src/rp2_common/hardware_claim/claim.c.obj
 .debug_abbrev  0x00000b3e      0x224 CMakeFiles/robot.dir/home/juan/pico/pico-sdk/src/rp2_common/hardware_sync/sync.c.obj
 .debug_abbrev  0x00000d62      0x4ff CMakeFiles/robot.dir/home/juan/pico/pico-sdk/src/rp2_common/hardware_irq/irq.c.obj
 .debug_abbrev  0x00001261       0x14 CMakeFiles/robot.dir/home/juan/pico/pico-sdk/src/rp2_common/hardware_irq/irq_handler_chain.S.obj
 .debug_abbrev  0x00001275      0x141 CMakeFiles/robot.dir/home/juan/pico/pico-sdk/src/common/pico_sync/lock_core.c.obj
 .debug_abbrev  0x000013b6      0x3b3 CMakeFiles/robot.dir/home/juan/pico/pico-sdk/src/common/pico_sync/mutex.c.obj
 .debug_abbrev  0x00001769      0x65e CMakeFiles/robot.dir/home/juan/pico/pico-sdk/src/common/pico_time/time.c.obj
 .debug_abbrev  0x00001dc7      0x3c7 CMakeFiles/robot.dir/home/juan/pico/pico-sdk/src/rp2_common/hardware_timer/timer.c.obj
 .debug_abbrev  0x0000218e      0x3ad CMakeFiles/robot.dir/home/juan/pico/pico-sdk/src/common/pico_util/pheap.c.obj
 .debug_abbrev  0x0000253b      0x2e1 CMakeFiles/robot.dir/home/juan/pico/pico-sdk/src/rp2_common/hardware_uart/uart.c.obj
 .debug_abbrev  0x0000281c      0x3c8 CMakeFiles/robot.dir/home/juan/pico/pico-sdk/src/rp2_common/hardware_clocks/clocks.c.obj
 .debug_abbrev  0x00002be4      0x1ee CMakeFiles/robot.dir/home/juan/pico/pico-sdk/src/rp2_common/hardware_pll/pll.c.obj
 .debug_abbrev  0x00002dd2      0x2d8 CMakeFiles/robot.dir/home/juan/pico/pico-sdk/src/rp2_common/hardware_watchdog/watchdog.c.obj
 .debug_abbrev  0x000030aa      0x106 CMakeFiles/robot.dir/home/juan/pico/pico-sdk/src/rp2_common/hardware_xosc/xosc.c.obj
 .debug_abbrev  0x000031b0      0x5cb CMakeFiles/robot.dir/home/juan/pico/pico-sdk/src/rp2_common/pico_runtime/runtime.c.obj
 .debug_abbrev  0x0000377b      0x4aa CMakeFiles/robot.dir/home/juan/pico/pico-sdk/src/rp2_common/pico_printf/printf.c.obj
 .debug_abbrev  0x00003c25       0x12 CMakeFiles/robot.dir/home/juan/pico/pico-sdk/src/rp2_common/pico_bit_ops/bit_ops_aeabi.S.obj
 .debug_abbrev  0x00003c37      0x144 CMakeFiles/robot.dir/home/juan/pico/pico-sdk/src/rp2_common/pico_bootrom/bootrom.c.obj
 .debug_abbrev  0x00003d7b       0x12 CMakeFiles/robot.dir/home/juan/pico/pico-sdk/src/rp2_common/pico_divider/divider.S.obj
 .debug_abbrev  0x00003d8d       0x12 CMakeFiles/robot.dir/home/juan/pico/pico-sdk/src/rp2_common/pico_double/double_aeabi.S.obj
 .debug_abbrev  0x00003d9f      0x2c2 CMakeFiles/robot.dir/home/juan/pico/pico-sdk/src/rp2_common/pico_double/double_init_rom.c.obj
 .debug_abbrev  0x00004061       0x12 CMakeFiles/robot.dir/home/juan/pico/pico-sdk/src/rp2_common/pico_double/double_v1_rom_shim.S.obj
 .debug_abbrev  0x00004073       0x14 CMakeFiles/robot.dir/home/juan/pico/pico-sdk/src/rp2_common/pico_int64_ops/pico_int64_ops_aeabi.S.obj
 .debug_abbrev  0x00004087       0x12 CMakeFiles/robot.dir/home/juan/pico/pico-sdk/src/rp2_common/pico_float/float_aeabi.S.obj
 .debug_abbrev  0x00004099      0x2d5 CMakeFiles/robot.dir/home/juan/pico/pico-sdk/src/rp2_common/pico_float/float_init_rom.c.obj
 .debug_abbrev  0x0000436e       0x12 CMakeFiles/robot.dir/home/juan/pico/pico-sdk/src/rp2_common/pico_float/float_v1_rom_shim.S.obj
 .debug_abbrev  0x00004380       0x12 CMakeFiles/robot.dir/home/juan/pico/pico-sdk/src/rp2_common/pico_mem_ops/mem_ops_aeabi.S.obj
 .debug_abbrev  0x00004392       0x12 CMakeFiles/robot.dir/home/juan/pico/pico-sdk/src/rp2_common/pico_standard_link/crt0.S.obj
 .debug_abbrev  0x000043a4       0xad CMakeFiles/robot.dir/home/juan/pico/pico-sdk/src/rp2_common/pico_standard_link/binary_info.c.obj
 .debug_abbrev  0x00004451      0x581 CMakeFiles/robot.dir/home/juan/pico/pico-sdk/src/rp2_common/pico_stdio/stdio.c.obj
 .debug_abbrev  0x000049d2      0x411 CMakeFiles/robot.dir/home/juan/pico/pico-sdk/src/rp2_common/pico_stdio_uart/stdio_uart.c.obj
 .debug_abbrev  0x00004de3      0x11a CMakeFiles/robot.dir/home/juan/pico/pico-sdk/src/rp2_common/hardware_adc/adc.c.obj
 .debug_abbrev  0x00004efd      0x3de liblibs.a(ultrasonico.c.obj)
 .debug_abbrev  0x000052db      0x338 liblibs.a(l298.c.obj)
 .debug_abbrev  0x00005613      0x12b liblibs.a(bt.c.obj)
 .debug_abbrev  0x0000573e      0x2ac liblibs.a(actuadores.c.obj)
 .debug_abbrev  0x000059ea      0x1cb liblibs.a(infrarrojo.c.obj)
 .debug_abbrev  0x00005bb5       0x14 /usr/lib/gcc/arm-none-eabi/8.3.1/thumb/v6-m/nofp/libgcc.a(_dvmd_tls.o)
 .debug_abbrev  0x00005bc9      0x1e8 /usr/lib/gcc/arm-none-eabi/8.3.1/../../../arm-none-eabi/lib/thumb/v6-m/nofp/libg.a(lib_a-strlen-stub.o)

.debug_loc      0x00000000    0x100a9
 .debug_loc     0x00000000      0x346 CMakeFiles/robot.dir/robot.c.obj
 .debug_loc     0x00000346     0x1160 CMakeFiles/robot.dir/home/juan/pico/pico-sdk/src/rp2_common/hardware_gpio/gpio.c.obj
 .debug_loc     0x000014a6       0xe9 CMakeFiles/robot.dir/home/juan/pico/pico-sdk/src/rp2_common/pico_platform/platform.c.obj
 .debug_loc     0x0000158f      0x43d CMakeFiles/robot.dir/home/juan/pico/pico-sdk/src/rp2_common/hardware_claim/claim.c.obj
 .debug_loc     0x000019cc      0x233 CMakeFiles/robot.dir/home/juan/pico/pico-sdk/src/rp2_common/hardware_sync/sync.c.obj
 .debug_loc     0x00001bff     0x1463 CMakeFiles/robot.dir/home/juan/pico/pico-sdk/src/rp2_common/hardware_irq/irq.c.obj
 .debug_loc     0x00003062       0x60 CMakeFiles/robot.dir/home/juan/pico/pico-sdk/src/common/pico_sync/lock_core.c.obj
 .debug_loc     0x000030c2     0x159f CMakeFiles/robot.dir/home/juan/pico/pico-sdk/src/common/pico_sync/mutex.c.obj
 .debug_loc     0x00004661     0x328a CMakeFiles/robot.dir/home/juan/pico/pico-sdk/src/common/pico_time/time.c.obj
 .debug_loc     0x000078eb      0xa7c CMakeFiles/robot.dir/home/juan/pico/pico-sdk/src/rp2_common/hardware_timer/timer.c.obj
 .debug_loc     0x00008367     0x14bf CMakeFiles/robot.dir/home/juan/pico/pico-sdk/src/common/pico_util/pheap.c.obj
 .debug_loc     0x00009826      0x520 CMakeFiles/robot.dir/home/juan/pico/pico-sdk/src/rp2_common/hardware_uart/uart.c.obj
 .debug_loc     0x00009d46      0x79a CMakeFiles/robot.dir/home/juan/pico/pico-sdk/src/rp2_common/hardware_clocks/clocks.c.obj
 .debug_loc     0x0000a4e0      0x2f5 CMakeFiles/robot.dir/home/juan/pico/pico-sdk/src/rp2_common/hardware_pll/pll.c.obj
 .debug_loc     0x0000a7d5      0x2a0 CMakeFiles/robot.dir/home/juan/pico/pico-sdk/src/rp2_common/hardware_watchdog/watchdog.c.obj
 .debug_loc     0x0000aa75       0x3d CMakeFiles/robot.dir/home/juan/pico/pico-sdk/src/rp2_common/hardware_xosc/xosc.c.obj
 .debug_loc     0x0000aab2      0x5f2 CMakeFiles/robot.dir/home/juan/pico/pico-sdk/src/rp2_common/pico_runtime/runtime.c.obj
 .debug_loc     0x0000b0a4     0x1fee CMakeFiles/robot.dir/home/juan/pico/pico-sdk/src/rp2_common/pico_printf/printf.c.obj
 .debug_loc     0x0000d092      0x1a1 CMakeFiles/robot.dir/home/juan/pico/pico-sdk/src/rp2_common/pico_bootrom/bootrom.c.obj
 .debug_loc     0x0000d233       0x59 CMakeFiles/robot.dir/home/juan/pico/pico-sdk/src/rp2_common/pico_double/double_init_rom.c.obj
 .debug_loc     0x0000d28c       0x73 CMakeFiles/robot.dir/home/juan/pico/pico-sdk/src/rp2_common/pico_float/float_init_rom.c.obj
 .debug_loc     0x0000d2ff      0xde6 CMakeFiles/robot.dir/home/juan/pico/pico-sdk/src/rp2_common/pico_stdio/stdio.c.obj
 .debug_loc     0x0000e0e5      0x84d CMakeFiles/robot.dir/home/juan/pico/pico-sdk/src/rp2_common/pico_stdio_uart/stdio_uart.c.obj
 .debug_loc     0x0000e932       0x5c CMakeFiles/robot.dir/home/juan/pico/pico-sdk/src/rp2_common/hardware_adc/adc.c.obj
 .debug_loc     0x0000e98e      0x26b liblibs.a(ultrasonico.c.obj)
 .debug_loc     0x0000ebf9     0x10b8 liblibs.a(l298.c.obj)
 .debug_loc     0x0000fcb1       0x4a liblibs.a(bt.c.obj)
 .debug_loc     0x0000fcfb      0x257 liblibs.a(actuadores.c.obj)
 .debug_loc     0x0000ff52       0xb4 liblibs.a(infrarrojo.c.obj)
 .debug_loc     0x00010006       0xa3 /usr/lib/gcc/arm-none-eabi/8.3.1/../../../arm-none-eabi/lib/thumb/v6-m/nofp/libg.a(lib_a-strlen-stub.o)

.debug_aranges  0x00000000     0x1038
 .debug_aranges
                0x00000000       0x40 CMakeFiles/robot.dir/robot.c.obj
 .debug_aranges
                0x00000040      0x100 CMakeFiles/robot.dir/home/juan/pico/pico-sdk/src/rp2_common/hardware_gpio/gpio.c.obj
 .debug_aranges
                0x00000140       0x28 CMakeFiles/robot.dir/home/juan/pico/pico-sdk/src/rp2_common/pico_platform/platform.c.obj
 .debug_aranges
                0x00000168       0x48 CMakeFiles/robot.dir/home/juan/pico/pico-sdk/src/rp2_common/hardware_claim/claim.c.obj
 .debug_aranges
                0x000001b0       0x58 CMakeFiles/robot.dir/home/juan/pico/pico-sdk/src/rp2_common/hardware_sync/sync.c.obj
 .debug_aranges
                0x00000208       0xc8 CMakeFiles/robot.dir/home/juan/pico/pico-sdk/src/rp2_common/hardware_irq/irq.c.obj
 .debug_aranges
                0x000002d0       0x20 CMakeFiles/robot.dir/home/juan/pico/pico-sdk/src/rp2_common/hardware_irq/irq_handler_chain.S.obj
 .debug_aranges
                0x000002f0       0x20 CMakeFiles/robot.dir/home/juan/pico/pico-sdk/src/common/pico_sync/lock_core.c.obj
 .debug_aranges
                0x00000310       0x90 CMakeFiles/robot.dir/home/juan/pico/pico-sdk/src/common/pico_sync/mutex.c.obj
 .debug_aranges
                0x000003a0       0xe8 CMakeFiles/robot.dir/home/juan/pico/pico-sdk/src/common/pico_time/time.c.obj
 .debug_aranges
                0x00000488       0x88 CMakeFiles/robot.dir/home/juan/pico/pico-sdk/src/rp2_common/hardware_timer/timer.c.obj
 .debug_aranges
                0x00000510       0x78 CMakeFiles/robot.dir/home/juan/pico/pico-sdk/src/common/pico_util/pheap.c.obj
 .debug_aranges
                0x00000588       0x40 CMakeFiles/robot.dir/home/juan/pico/pico-sdk/src/rp2_common/hardware_uart/uart.c.obj
 .debug_aranges